<html>
<body>
<pre>
<h1>礦ision Build Log</h1>
<h2>Tool Versions:</h2>
IDE-Version: μVision V5.26.2.0
Copyright (C) 2018 ARM Ltd and ARM Germany GmbH. All rights reserved.
License Information: Kevin Kevin, Kevin, LIC=21ENN-YI90A-61JPW-Q8SSP-E5BI6-V7TQE
 
Tool Versions:
Toolchain:       MDK-ARM Plus  Version: 5.26.2.0
Toolchain Path:  F:\MDK526\ARM\ARMCC\Bin
C Compiler:      Armcc.exe V5.06 update 6 (build 750)
Assembler:       Armasm.exe V5.06 update 6 (build 750)
Linker/Locator:  ArmLink.exe V5.06 update 6 (build 750)
Library Manager: ArmAr.exe V5.06 update 6 (build 750)
Hex Converter:   FromElf.exe V5.06 update 6 (build 750)
CPU DLL:         SARMCM3.DLL V5.26.2.0
Dialog DLL:      DCM.DLL V1.17.2.0
Target DLL:      STLink\ST-LINKIII-KEIL_SWO.dll V3.0.5.0
Dialog DLL:      TCM.DLL V1.36.1.0
 
<h2>Project:</h2>
G:\32工程\2017程序\2017国赛\黑点稳定案件\USER\PWM_OUT.uvprojx
Project File Date:  03/09/2019

<h2>Output:</h2>
*** Using Compiler 'V5.06 update 6 (build 750)', folder: 'F:\MDK526\ARM\ARMCC\Bin'
Build target 'PWM'
compiling stm32f4xx_it.c...
compiling system_stm32f4xx.c...
compiling main.c...
compiling led.c...
compiling timer.c...
compiling pwm.c...
compiling Data_deal.c...
compiling ANO_DT.c...
compiling control.c...
compiling usart3.c...
compiling usart2.c...
compiling MedianFiler.c...
compiling key.c...
compiling myiic.c...
compiling oled.c...
..\HARDWARE\OLED\oled.c(71): warning:  #177-D: variable "i"  was declared but never referenced
  	uint8_t i;			 
..\HARDWARE\OLED\oled.c: 1 warning, 0 errors
compiling sys.c...
compiling delay.c...
compiling usart.c...
assembling startup_stm32f40_41xxx.s...
compiling misc.c...
compiling stm32f4xx_gpio.c...
compiling stm32f4xx_usart.c...
compiling stm32f4xx_syscfg.c...
compiling stm32f4xx_rcc.c...
compiling stm32f4xx_tim.c...
linking...
Program Size: Code=18026 RO-data=2498 RW-data=1068 ZI-data=1956  
FromELF: creating hex file...
"..\OBJ\PWM.axf" - 0 Error(s), 1 Warning(s).

<h2>Software Packages used:</h2>

Package Vendor: Keil
                http://www.keil.com/pack/Keil.STM32F4xx_DFP.2.11.0.pack
                Keil.STM32F4xx_DFP.2.11.0
                STMicroelectronics STM32F4 Series Device Support, Drivers and Examples

<h2>Collection of Component include folders:</h2>
  .\RTE\_PWM
  F:\MDK526\ARM\PACK\Keil\STM32F4xx_DFP\2.11.0\Drivers\CMSIS\Device\ST\STM32F4xx\Include

<h2>Collection of Component Files used:</h2>
Build Time Elapsed:  00:00:23
</pre>
</body>
</html>
