Component: ARM Compiler 5.06 update 6 (build 750) Tool: armlink [4d35ed]

==============================================================================

Section Cross References

    main.o(.text) refers to _printf_pad.o(.text) for _printf_pre_padding
    main.o(.text) refers to _printf_percent.o(.ARM.Collect$$_printf_percent$$00000000) for _printf_percent
    main.o(.text) refers to _printf_d.o(.ARM.Collect$$_printf_percent$$00000009) for _printf_d
    main.o(.text) refers to _printf_dec.o(.text) for _printf_int_dec
    main.o(.text) refers to misc.o(.text) for NVIC_PriorityGroupConfig
    main.o(.text) refers to delay.o(.text) for delay_init
    main.o(.text) refers to usart.o(.text) for uart_init
    main.o(.text) refers to usart2.o(.text) for uart2_init
    main.o(.text) refers to usart3.o(.text) for uart3_init
    main.o(.text) refers to led.o(.text) for LED_Init
    main.o(.text) refers to key.o(.text) for KEY_Init
    main.o(.text) refers to myiic.o(.text) for IIC_Init
    main.o(.text) refers to oled.o(.text) for OLED_Init
    main.o(.text) refers to pwm.o(.text) for TIM3_PWM_Init
    main.o(.text) refers to timer.o(.text) for TIM2_Int_Init
    main.o(.text) refers to control.o(.text) for Take_off
    main.o(.text) refers to noretval__2printf.o(.text) for __2printf
    main.o(.text) refers to main.o(.data) for Fly_Mode
    main.o(.text) refers to data_deal.o(.data) for hight
    system_stm32f4xx.o(.text) refers to system_stm32f4xx.o(.data) for SystemCoreClock
    led.o(.text) refers to stm32f4xx_rcc.o(.text) for RCC_AHB1PeriphClockCmd
    led.o(.text) refers to stm32f4xx_gpio.o(.text) for GPIO_Init
    pwm.o(.text) refers to stm32f4xx_rcc.o(.text) for RCC_APB1PeriphClockCmd
    pwm.o(.text) refers to stm32f4xx_gpio.o(.text) for GPIO_PinAFConfig
    pwm.o(.text) refers to stm32f4xx_tim.o(.text) for TIM_TimeBaseInit
    timer.o(.text) refers to stm32f4xx_rcc.o(.text) for RCC_APB1PeriphClockCmd
    timer.o(.text) refers to stm32f4xx_tim.o(.text) for TIM_TimeBaseInit
    timer.o(.text) refers to misc.o(.text) for NVIC_Init
    timer.o(.text) refers to timer.o(.data) for ms
    timer.o(.text) refers to main.o(.data) for PIDStart_flag
    control.o(.text) refers to stm32f4xx_tim.o(.text) for TIM_SetCompare1
    control.o(.text) refers to delay.o(.text) for delay_ms
    control.o(.text) refers to data_deal.o(.data) for pixX
    control.o(.text) refers to control.o(.data) for lastVxErro
    control.o(.text) refers to oled.o(.text) for OLED_ShowString
    data_deal.o(.text) refers to stm32f4xx_usart.o(.text) for USART_SendData
    data_deal.o(.text) refers to medianfiler.o(.text) for Median_filer1
    data_deal.o(.text) refers to stm32f4xx_tim.o(.text) for TIM_SetCompare1
    data_deal.o(.text) refers to main.o(.data) for PID_flag
    data_deal.o(.text) refers to usart3.o(.bss) for USART3_RX_BUF
    data_deal.o(.text) refers to usart3.o(.data) for USART3_Flage
    data_deal.o(.text) refers to usart2.o(.bss) for USART2_RX_BUF
    data_deal.o(.text) refers to data_deal.o(.data) for hight
    ano_dt.o(.text) refers to stm32f4xx_usart.o(.text) for USART_SendData
    ano_dt.o(.text) refers to ano_dt.o(.bss) for data_to_send
    usart3.o(.text) refers to stm32f4xx_rcc.o(.text) for RCC_AHB1PeriphClockCmd
    usart3.o(.text) refers to stm32f4xx_gpio.o(.text) for GPIO_PinAFConfig
    usart3.o(.text) refers to stm32f4xx_usart.o(.text) for USART_Init
    usart3.o(.text) refers to misc.o(.text) for NVIC_Init
    usart3.o(.text) refers to data_deal.o(.text) for Vision_datadeal
    usart3.o(.text) refers to usart3.o(.bss) for USART3_RX_BUF
    usart3.o(.text) refers to usart3.o(.data) for Counter
    usart2.o(.text) refers to stm32f4xx_rcc.o(.text) for RCC_AHB1PeriphClockCmd
    usart2.o(.text) refers to stm32f4xx_gpio.o(.text) for GPIO_PinAFConfig
    usart2.o(.text) refers to stm32f4xx_usart.o(.text) for USART_Init
    usart2.o(.text) refers to misc.o(.text) for NVIC_Init
    usart2.o(.text) refers to usart2.o(.bss) for USART2_RX_BUF
    usart2.o(.text) refers to usart2.o(.data) for Counter1
    medianfiler.o(.text) refers to medianfiler.o(.data) for measure_num
    medianfiler.o(.text) refers to medianfiler.o(.bss) for Filterdata1
    key.o(.text) refers to stm32f4xx_rcc.o(.text) for RCC_AHB1PeriphClockCmd
    key.o(.text) refers to stm32f4xx_gpio.o(.text) for GPIO_Init
    key.o(.text) refers to delay.o(.text) for delay_ms
    myiic.o(.text) refers to stm32f4xx_rcc.o(.text) for RCC_AHB1PeriphClockCmd
    myiic.o(.text) refers to stm32f4xx_gpio.o(.text) for GPIO_Init
    myiic.o(.text) refers to delay.o(.text) for delay_us
    oled.o(.text) refers to stm32f4xx_rcc.o(.text) for RCC_AHB1PeriphClockCmd
    oled.o(.text) refers to stm32f4xx_gpio.o(.text) for GPIO_Init
    oled.o(.text) refers to myiic.o(.text) for IIC_Start
    oled.o(.text) refers to dfix.o(x$fpl$dfix) for __aeabi_d2iz
    oled.o(.text) refers to dflt_clz.o(x$fpl$dfltu) for __aeabi_ui2d
[...]
    ..\HARDWARE\LED\led.c                    0x00000000   Number         0  led.o ABSOLUTE
    ..\HARDWARE\MedianFiler\MedianFiler.c    0x00000000   Number         0  medianfiler.o ABSOLUTE
    ..\HARDWARE\OLED\myiic.c                 0x00000000   Number         0  myiic.o ABSOLUTE
    ..\HARDWARE\OLED\oled.c                  0x00000000   Number         0  oled.o ABSOLUTE
    ..\HARDWARE\PWM\pwm.c                    0x00000000   Number         0  pwm.o ABSOLUTE
    ..\HARDWARE\TIMER\timer.c                0x00000000   Number         0  timer.o ABSOLUTE
    ..\HARDWARE\USART2\usart2.c              0x00000000   Number         0  usart2.o ABSOLUTE
    ..\HARDWARE\USART3\usart3.c              0x00000000   Number         0  usart3.o ABSOLUTE
    ..\SYSTEM\delay\delay.c                  0x00000000   Number         0  delay.o ABSOLUTE
    ..\SYSTEM\sys\sys.c                      0x00000000   Number         0  sys.o ABSOLUTE
    ..\SYSTEM\usart\usart.c                  0x00000000   Number         0  usart.o ABSOLUTE
    ..\\FWLIB\\src\\misc.c                   0x00000000   Number         0  misc.o ABSOLUTE
    ..\\FWLIB\\src\\stm32f4xx_gpio.c         0x00000000   Number         0  stm32f4xx_gpio.o ABSOLUTE
    ..\\FWLIB\\src\\stm32f4xx_rcc.c          0x00000000   Number         0  stm32f4xx_rcc.o ABSOLUTE
    ..\\FWLIB\\src\\stm32f4xx_syscfg.c       0x00000000   Number         0  stm32f4xx_syscfg.o ABSOLUTE
    ..\\FWLIB\\src\\stm32f4xx_tim.c          0x00000000   Number         0  stm32f4xx_tim.o ABSOLUTE
    ..\\FWLIB\\src\\stm32f4xx_usart.c        0x00000000   Number         0  stm32f4xx_usart.o ABSOLUTE
    ..\\HARDWARE\\ANO_DT\\ANO_DT.c           0x00000000   Number         0  ano_dt.o ABSOLUTE
    ..\\HARDWARE\\CONTROL\\control.c         0x00000000   Number         0  control.o ABSOLUTE
    ..\\HARDWARE\\Data_deal\\Data_deal.c     0x00000000   Number         0  data_deal.o ABSOLUTE
    ..\\HARDWARE\\KEY\\key.c                 0x00000000   Number         0  key.o ABSOLUTE
    ..\\HARDWARE\\LED\\led.c                 0x00000000   Number         0  led.o ABSOLUTE
    ..\\HARDWARE\\MedianFiler\\MedianFiler.c 0x00000000   Number         0  medianfiler.o ABSOLUTE
    ..\\HARDWARE\\OLED\\myiic.c              0x00000000   Number         0  myiic.o ABSOLUTE
    ..\\HARDWARE\\OLED\\oled.c               0x00000000   Number         0  oled.o ABSOLUTE
    ..\\HARDWARE\\PWM\\pwm.c                 0x00000000   Number         0  pwm.o ABSOLUTE
    ..\\HARDWARE\\TIMER\\timer.c             0x00000000   Number         0  timer.o ABSOLUTE
    ..\\HARDWARE\\USART2\\usart2.c           0x00000000   Number         0  usart2.o ABSOLUTE
    ..\\HARDWARE\\USART3\\usart3.c           0x00000000   Number         0  usart3.o ABSOLUTE
    ..\\SYSTEM\\delay\\delay.c               0x00000000   Number         0  delay.o ABSOLUTE
    ..\\SYSTEM\\sys\\sys.c                   0x00000000   Number         0  sys.o ABSOLUTE
    ..\\SYSTEM\\usart\\usart.c               0x00000000   Number         0  usart.o ABSOLUTE
    dc.s                                     0x00000000   Number         0  dc.o ABSOLUTE
    main.c                                   0x00000000   Number         0  main.o ABSOLUTE
    main.c                                   0x00000000   Number         0  main.o ABSOLUTE
    stm32f4xx_it.c                           0x00000000   Number         0  stm32f4xx_it.o ABSOLUTE
    stm32f4xx_it.c                           0x00000000   Number         0  stm32f4xx_it.o ABSOLUTE
    system_stm32f4xx.c                       0x00000000   Number         0  system_stm32f4xx.o ABSOLUTE
    system_stm32f4xx.c                       0x00000000   Number         0  system_stm32f4xx.o ABSOLUTE
    RESET                                    0x08000000   Section      392  startup_stm32f40_41xxx.o(RESET)
    !!!main                                  0x08000188   Section        8  __main.o(!!!main)
    !!!scatter                               0x08000190   Section       52  __scatter.o(!!!scatter)
    !!dczerorl2                              0x080001c4   Section       90  __dczerorl2.o(!!dczerorl2)
    !!handler_zi                             0x08000220   Section       28  __scatter_zi.o(!!handler_zi)
    .ARM.Collect$$_printf_percent$$00000000  0x0800023c   Section        0  _printf_percent.o(.ARM.Collect$$_printf_percent$$00000000)
    .ARM.Collect$$_printf_percent$$00000009  0x0800023c   Section        6  _printf_d.o(.ARM.Collect$$_printf_percent$$00000009)
    .ARM.Collect$$_printf_percent$$00000017  0x08000242   Section        4  _printf_percent_end.o(.ARM.Collect$$_printf_percent$$00000017)
    .ARM.Collect$$libinit$$00000000          0x08000246   Section        2  libinit.o(.ARM.Collect$$libinit$$00000000)
    .ARM.Collect$$libinit$$00000001          0x08000248   Section        4  libinit2.o(.ARM.Collect$$libinit$$00000001)
    .ARM.Collect$$libinit$$00000004          0x0800024c   Section        0  libinit2.o(.ARM.Collect$$libinit$$00000004)
    .ARM.Collect$$libinit$$0000000A          0x0800024c   Section        0  libinit2.o(.ARM.Collect$$libinit$$0000000A)
    .ARM.Collect$$libinit$$0000000C          0x0800024c   Section        0  libinit2.o(.ARM.Collect$$libinit$$0000000C)
    .ARM.Collect$$libinit$$0000000E          0x0800024c   Section        0  libinit2.o(.ARM.Collect$$libinit$$0000000E)
    .ARM.Collect$$libinit$$00000011          0x0800024c   Section        0  libinit2.o(.ARM.Collect$$libinit$$00000011)
    .ARM.Collect$$libinit$$00000013          0x0800024c   Section        0  libinit2.o(.ARM.Collect$$libinit$$00000013)
    .ARM.Collect$$libinit$$00000015          0x0800024c   Section        0  libinit2.o(.ARM.Collect$$libinit$$00000015)
    .ARM.Collect$$libinit$$00000017          0x0800024c   Section        0  libinit2.o(.ARM.Collect$$libinit$$00000017)
    .ARM.Collect$$libinit$$00000019          0x0800024c   Section        0  libinit2.o(.ARM.Collect$$libinit$$00000019)
    .ARM.Collect$$libinit$$0000001B          0x0800024c   Section        0  libinit2.o(.ARM.Collect$$libinit$$0000001B)
    .ARM.Collect$$libinit$$0000001D          0x0800024c   Section        0  libinit2.o(.ARM.Collect$$libinit$$0000001D)
    .ARM.Collect$$libinit$$0000001F          0x0800024c   Section        0  libinit2.o(.ARM.Collect$$libinit$$0000001F)
    .ARM.Collect$$libinit$$00000021          0x0800024c   Section        0  libinit2.o(.ARM.Collect$$libinit$$00000021)
    .ARM.Collect$$libinit$$00000023          0x0800024c   Section        0  libinit2.o(.ARM.Collect$$libinit$$00000023)
    .ARM.Collect$$libinit$$00000025          0x0800024c   Section        0  libinit2.o(.ARM.Collect$$libinit$$00000025)
    .ARM.Collect$$libinit$$0000002C          0x0800024c   Section        0  libinit2.o(.ARM.Collect$$libinit$$0000002C)
    .ARM.Collect$$libinit$$0000002E          0x0800024c   Section        0  libinit2.o(.ARM.Collect$$libinit$$0000002E)
    .ARM.Collect$$libinit$$00000030          0x0800024c   Section        0  libinit2.o(.ARM.Collect$$libinit$$00000030)
    .ARM.Collect$$libinit$$00000032          0x0800024c   Section        0  libinit2.o(.ARM.Collect$$libinit$$00000032)
    .ARM.Collect$$libinit$$00000033          0x0800024c   Section        2  libinit2.o(.ARM.Collect$$libinit$$00000033)
    .ARM.Collect$$libshutdown$$00000000      0x0800024e   Section        2  libshutdown.o(.ARM.Collect$$libshutdown$$00000000)
    .ARM.Collect$$libshutdown$$00000002      0x08000250   Section        0  libshutdown2.o(.ARM.Collect$$libshutdown$$00000002)
    .ARM.Collect$$libshutdown$$00000004      0x08000250   Section        0  libshutdown2.o(.ARM.Collect$$libshutdown$$00000004)
    .ARM.Collect$$libshutdown$$00000007      0x08000250   Section        0  libshutdown2.o(.ARM.Collect$$libshutdown$$00000007)
    .ARM.Collect$$libshutdown$$0000000A      0x08000250   Section        0  libshutdown2.o(.ARM.Collect$$libshutdown$$0000000A)
    .ARM.Collect$$libshutdown$$0000000C      0x08000250   Section        0  libshutdown2.o(.ARM.Collect$$libshutdown$$0000000C)
    .ARM.Collect$$libshutdown$$0000000F      0x08000250   Section        0  libshutdown2.o(.ARM.Collect$$libshutdown$$0000000F)
    .ARM.Collect$$libshutdown$$00000010      0x08000250   Section        2  libshutdown2.o(.ARM.Collect$$libshutdown$$00000010)
    .ARM.Collect$$rtentry$$00000000          0x08000252   Section        0  __rtentry.o(.ARM.Collect$$rtentry$$00000000)
    .ARM.Collect$$rtentry$$00000002          0x08000252   Section        0  __rtentry2.o(.ARM.Collect$$rtentry$$00000002)
    .ARM.Collect$$rtentry$$00000004          0x08000252   Section        6  __rtentry4.o(.ARM.Collect$$rtentry$$00000004)
    .ARM.Collect$$rtentry$$00000009          0x08000258   Section        0  __rtentry2.o(.ARM.Collect$$rtentry$$00000009)
    .ARM.Collect$$rtentry$$0000000A          0x08000258   Section        4  __rtentry2.o(.ARM.Collect$$rtentry$$0000000A)
    .ARM.Collect$$rtentry$$0000000C          0x0800025c   Section        0  __rtentry2.o(.ARM.Collect$$rtentry$$0000000C)
    .ARM.Collect$$rtentry$$0000000D          0x0800025c   Section        8  __rtentry2.o(.ARM.Collect$$rtentry$$0000000D)
    .ARM.Collect$$rtexit$$00000000           0x08000264   Section        2  rtexit.o(.ARM.Collect$$rtexit$$00000000)
    .ARM.Collect$$rtexit$$00000002           0x08000266   Section        0  rtexit2.o(.ARM.Collect$$rtexit$$00000002)
    .ARM.Collect$$rtexit$$00000003           0x08000266   Section        4  rtexit2.o(.ARM.Collect$$rtexit$$00000003)
    .ARM.Collect$$rtexit$$00000004           0x0800026a   Section        6  rtexit2.o(.ARM.Collect$$rtexit$$00000004)
    .text                                    0x08000270   Section        0  main.o(.text)
    .text                                    0x08000500   Section        0  stm32f4xx_it.o(.text)
    .text                                    0x0800051c   Section        0  system_stm32f4xx.o(.text)
    SetSysClock                              0x0800051d   Thumb Code   220  system_stm32f4xx.o(.text)
    .text                                    0x0800072c   Section        0  led.o(.text)
    .text                                    0x0800076c   Section        0  pwm.o(.text)
    .text                                    0x08000970   Section        0  timer.o(.text)
    .text                                    0x08000aac   Section        0  control.o(.text)
    .text                                    0x080010bc   Section        0  data_deal.o(.text)
    .text                                    0x080011e0   Section        0  usart3.o(.text)
    .text                                    0x080012f0   Section        0  usart2.o(.text)
    .text                                    0x080013e0   Section        0  medianfiler.o(.text)
    .text                                    0x0800164c   Section        0  key.o(.text)
    .text                                    0x08001740   Section        0  myiic.o(.text)
    .text                                    0x080019b0   Section        0  oled.o(.text)
    .text                                    0x080020b4   Section        0  delay.o(.text)
    .text                                    0x080021b8   Section        0  usart.o(.text)
    .text                                    0x08002300   Section       64  startup_stm32f40_41xxx.o(.text)
    $v0                                      0x08002300   Number         0  startup_stm32f40_41xxx.o(.text)
    .text                                    0x08002340   Section        0  misc.o(.text)
    .text                                    0x08002420   Section        0  stm32f4xx_gpio.o(.text)
    .text                                    0x080026b4   Section        0  stm32f4xx_usart.o(.text)
    .text                                    0x08002b08   Section        0  stm32f4xx_tim.o(.text)
    TI4_Config                               0x080032a7   Thumb Code    80  stm32f4xx_tim.o(.text)
    TI3_Config                               0x08003309   Thumb Code    72  stm32f4xx_tim.o(.text)
    TI2_Config                               0x0800336b   Thumb Code    90  stm32f4xx_tim.o(.text)
    TI1_Config                               0x080033d7   Thumb Code    58  stm32f4xx_tim.o(.text)
    .text                                    0x080037ac   Section        0  stm32f4xx_rcc.o(.text)
    .text                                    0x08003e08   Section        2  use_no_semi_2.o(.text)
    .text                                    0x08003e0c   Section        0  noretval__2printf.o(.text)
    .text                                    0x08003e24   Section        0  _printf_pad.o(.text)
    .text                                    0x08003e74   Section        0  _printf_dec.o(.text)
    .text                                    0x08003eec   Section        0  __printf_wp.o(.text)
    .text                                    0x08003ffa   Section        0  heapauxi.o(.text)
    .text                                    0x08004000   Section        2  use_no_semi.o(.text)
    .text                                    0x08004002   Section        0  _printf_intcommon.o(.text)
    .text                                    0x080040b4   Section        0  _printf_char_file.o(.text)
    .text                                    0x080040d8   Section        0  _printf_char_common.o(.text)
    _printf_input_char                       0x080040d9   Thumb Code    10  _printf_char_common.o(.text)
    .text                                    0x08004108   Section        0  ferror.o(.text)
    .text                                    0x08004110   Section       74  sys_stackheap_outer.o(.text)
    .text                                    0x0800415a   Section        0  exit.o(.text)
    .text                                    0x0800416c   Section        8  libspace.o(.text)
    i._is_digit                              0x08004174   Section        0  __printf_wp.o(i._is_digit)
    x$fpl$basic                              0x08004182   Section       24  basic.o(x$fpl$basic)
    $v0                                      0x08004182   Number         0  basic.o(x$fpl$basic)
    x$fpl$dadd                               0x0800419c   Section      336  daddsub_clz.o(x$fpl$dadd)
    $v0                                      0x0800419c   Number         0  daddsub_clz.o(x$fpl$dadd)
    _dadd1                                   0x080041ad   Thumb Code     0  daddsub_clz.o(x$fpl$dadd)
    x$fpl$dcmpinf                            0x080042ec   Section       24  dcmpi.o(x$fpl$dcmpinf)
    $v0                                      0x080042ec   Number         0  dcmpi.o(x$fpl$dcmpinf)
    x$fpl$dfix                               0x08004304   Section       94  dfix.o(x$fpl$dfix)
    $v0                                      0x08004304   Number         0  dfix.o(x$fpl$dfix)
    x$fpl$dfltu                              0x08004362   Section       38  dflt_clz.o(x$fpl$dfltu)
    $v0                                      0x08004362   Number         0  dflt_clz.o(x$fpl$dfltu)
    x$fpl$dleqf                              0x08004388   Section      120  dleqf.o(x$fpl$dleqf)
    $v0                                      0x08004388   Number         0  dleqf.o(x$fpl$dleqf)
    x$fpl$dmul                               0x08004400   Section      340  dmul.o(x$fpl$dmul)
    $v0                                      0x08004400   Number         0  dmul.o(x$fpl$dmul)
    x$fpl$dnaninf                            0x08004554   Section      156  dnaninf.o(x$fpl$dnaninf)
    $v0                                      0x08004554   Number         0  dnaninf.o(x$fpl$dnaninf)
    x$fpl$dretinf                            0x080045f0   Section       12  dretinf.o(x$fpl$dretinf)
    $v0                                      0x080045f0   Number         0  dretinf.o(x$fpl$dretinf)
    x$fpl$drsb                               0x080045fc   Section       22  daddsub_clz.o(x$fpl$drsb)
    $v0                                      0x080045fc   Number         0  daddsub_clz.o(x$fpl$drsb)
    x$fpl$dsub                               0x08004614   Section      468  daddsub_clz.o(x$fpl$dsub)
    $v0                                      0x08004614   Number         0  daddsub_clz.o(x$fpl$dsub)
    _dsub1                                   0x08004625   Thumb Code     0  daddsub_clz.o(x$fpl$dsub)
    x$fpl$fpinit                             0x080047e8   Section       10  fpinit.o(x$fpl$fpinit)
    $v0                                      0x080047e8   Number         0  fpinit.o(x$fpl$fpinit)
    .constdata                               0x080047f2   Section     2072  oled.o(.constdata)
    x$fpl$usenofp                            0x080047f2   Section        0  usenofp.o(x$fpl$usenofp)
    .data                                    0x20000000   Section       16  main.o(.data)
    .data                                    0x20000010   Section       20  system_stm32f4xx.o(.data)
    .data                                    0x20000024   Section       12  timer.o(.data)
    .data                                    0x20000030   Section       42  control.o(.data)
    lastVxErro                               0x20000030   Data           4  control.o(.data)
    lastVyErro                               0x20000034   Data           4  control.o(.data)
    pidVx_pOut                               0x20000038   Data           4  control.o(.data)
    pidVx_dOut                               0x2000003c   Data           4  control.o(.data)
    pidVx_iOut                               0x20000040   Data           4  control.o(.data)
    pidVy_pOut                               0x20000044   Data           4  control.o(.data)
    pidVy_dOut                               0x20000048   Data           4  control.o(.data)
    pidVy_iOut                               0x2000004c   Data           4  control.o(.data)
    pidVx_value                              0x20000050   Data           4  control.o(.data)
    pidVy_value                              0x20000054   Data           4  control.o(.data)
    flag_Y                                   0x20000058   Data           1  control.o(.data)
    flag_X                                   0x20000059   Data           1  control.o(.data)
    .data                                    0x2000005c   Section       44  data_deal.o(.data)
    .data                                    0x20000088   Section        2  usart3.o(.data)
    Counter                                  0x20000089   Data           1  usart3.o(.data)
    .data                                    0x2000008a   Section        2  usart2.o(.data)
    Counter1                                 0x2000008b   Data           1  usart2.o(.data)
    .data                                    0x2000008c   Section        4  medianfiler.o(.data)
    .data                                    0x20000090   Section      896  oled.o(.data)
    .data                                    0x20000410   Section        4  delay.o(.data)
    fac_us                                   0x20000410   Data           1  delay.o(.data)
    fac_ms                                   0x20000412   Data           2  delay.o(.data)
    .data                                    0x20000414   Section        6  usart.o(.data)
    .data                                    0x2000041a   Section       16  stm32f4xx_rcc.o(.data)
    APBAHBPrescTable                         0x2000041a   Data          16  stm32f4xx_rcc.o(.data)
    .bss                                     0x2000042c   Section       20  usart3.o(.bss)
    .bss                                     0x20000440   Section       20  usart2.o(.bss)
    .bss                                     0x20000454   Section       80  medianfiler.o(.bss)
    Filter_data                              0x20000454   Data          40  medianfiler.o(.bss)
    Filterdata1                              0x2000047c   Data          20  medianfiler.o(.bss)
    Filterdata2                              0x20000490   Data          20  medianfiler.o(.bss)
    .bss                                     0x200004a4   Section      200  usart.o(.bss)
    .bss                                     0x2000056c   Section       96  libspace.o(.bss)
    HEAP                                     0x200005d0   Section      512  startup_stm32f40_41xxx.o(HEAP)
    Heap_Mem                                 0x200005d0   Data         512  startup_stm32f40_41xxx.o(HEAP)
    STACK                                    0x200007d0   Section     1024  startup_stm32f40_41xxx.o(STACK)
    Stack_Mem                                0x200007d0   Data        1024  startup_stm32f40_41xxx.o(STACK)
    __initial_sp                             0x20000bd0   Data           0  startup_stm32f40_41xxx.o(STACK)

    Global Symbols

    Symbol Name                              Value     Ov Type        Size  Object(Section)

    BuildAttributes$$THM_ISAv4$E$P$D$K$B$S$7EM$VFPi3$EXTD16$VFPS$VFMA$PE$A:L22UL41UL21$X:L11$S22US41US21$IEEE1$IW$USESV6$~STKCKD$USESV7$~SHL$OSPACE$ROPI$EBA8$UX$STANDARDLIB$REQ8$PRES8$EABIv2 0x00000000   Number         0  anon$$obj.o ABSOLUTE
    __ARM_use_no_argv                        0x00000000   Number         0  main.o ABSOLUTE
    _printf_flags                            0x00000000   Number         0  printf_stubs.o ABSOLUTE
    _printf_return_value                     0x00000000   Number         0  printf_stubs.o ABSOLUTE
    _printf_sizespec                         0x00000000   Number         0  printf_stubs.o ABSOLUTE
    _printf_widthprec                        0x00000000   Number         0  printf_stubs.o ABSOLUTE
    __ARM_exceptions_init                     - Undefined Weak Reference
    __alloca_initialize                       - Undefined Weak Reference
    __arm_preinit_                            - Undefined Weak Reference
    __cpp_initialize__aeabi_                  - Undefined Weak Reference
    __cxa_finalize                            - Undefined Weak Reference
    __rt_locale                               - Undefined Weak Reference
    __sigvec_lookup                           - Undefined Weak Reference
    _atexit_init                              - Undefined Weak Reference
    _call_atexit_fns                          - Undefined Weak Reference
    _clock_init                               - Undefined Weak Reference
    _fp_trap_init                             - Undefined Weak Reference
    _fp_trap_shutdown                         - Undefined Weak Reference
    _get_lc_collate                           - Undefined Weak Reference
    _get_lc_ctype                             - Undefined Weak Reference
    _get_lc_monetary                          - Undefined Weak Reference
    _get_lc_numeric                           - Undefined Weak Reference
    _get_lc_time                              - Undefined Weak Reference
    _getenv_init                              - Undefined Weak Reference
    _handle_redirection                       - Undefined Weak Reference
    _init_alloc                               - Undefined Weak Reference
    _init_user_alloc                          - Undefined Weak Reference
    _initio                                   - Undefined Weak Reference
    _mutex_acquire                            - Undefined Weak Reference
    _mutex_release                            - Undefined Weak Reference
    _printf_truncate_signed                   - Undefined Weak Reference
    _printf_truncate_unsigned                 - Undefined Weak Reference
    _rand_init                                - Undefined Weak Reference
    _signal_finish                            - Undefined Weak Reference
    _signal_init                              - Undefined Weak Reference
    _terminate_alloc                          - Undefined Weak Reference
    _terminate_user_alloc                     - Undefined Weak Reference
    _terminateio                              - Undefined Weak Reference
    __Vectors_Size                           0x00000188   Number         0  startup_stm32f40_41xxx.o ABSOLUTE
    __Vectors                                0x08000000   Data           4  startup_stm32f40_41xxx.o(RESET)
    __Vectors_End                            0x08000188   Data           0  startup_stm32f40_41xxx.o(RESET)
    __main                                   0x08000189   Thumb Code     8  __main.o(!!!main)
    __scatterload                            0x08000191   Thumb Code     0  __scatter.o(!!!scatter)
    __scatterload_rt2                        0x08000191   Thumb Code    44  __scatter.o(!!!scatter)
    __scatterload_rt2_thumb_only             0x08000191   Thumb Code     0  __scatter.o(!!!scatter)
    __scatterload_null                       0x0800019f   Thumb Code     0  __scatter.o(!!!scatter)
    __decompress                             0x080001c5   Thumb Code    90  __dczerorl2.o(!!dczerorl2)
    __decompress1                            0x080001c5   Thumb Code     0  __dczerorl2.o(!!dczerorl2)
    __scatterload_zeroinit                   0x08000221   Thumb Code    28  __scatter_zi.o(!!handler_zi)
    _printf_d                                0x0800023d   Thumb Code     0  _printf_d.o(.ARM.Collect$$_printf_percent$$00000009)
    _printf_percent                          0x0800023d   Thumb Code     0  _printf_percent.o(.ARM.Collect$$_printf_percent$$00000000)
    _printf_percent_end                      0x08000243   Thumb Code     0  _printf_percent_end.o(.ARM.Collect$$_printf_percent$$00000017)
    __rt_lib_init                            0x08000247   Thumb Code     0  libinit.o(.ARM.Collect$$libinit$$00000000)
    __rt_lib_init_fp_1                       0x08000249   Thumb Code     0  libinit2.o(.ARM.Collect$$libinit$$00000001)
    __rt_lib_init_alloca_1                   0x0800024d   Thumb Code     0  libinit2.o(.ARM.Collect$$libinit$$0000002E)
    __rt_lib_init_argv_1                     0x0800024d   Thumb Code     0  libinit2.o(.ARM.Collect$$libinit$$0000002C)
    __rt_lib_init_atexit_1                   0x0800024d   Thumb Code     0  libinit2.o(.ARM.Collect$$libinit$$0000001B)
    __rt_lib_init_clock_1                    0x0800024d   Thumb Code     0  libinit2.o(.ARM.Collect$$libinit$$00000021)
    __rt_lib_init_cpp_1                      0x0800024d   Thumb Code     0  libinit2.o(.ARM.Collect$$libinit$$00000032)
    __rt_lib_init_exceptions_1               0x0800024d   Thumb Code     0  libinit2.o(.ARM.Collect$$libinit$$00000030)
    __rt_lib_init_fp_trap_1                  0x0800024d   Thumb Code     0  libinit2.o(.ARM.Collect$$libinit$$0000001F)
    __rt_lib_init_getenv_1                   0x0800024d   Thumb Code     0  libinit2.o(.ARM.Collect$$libinit$$00000023)
    __rt_lib_init_heap_1                     0x0800024d   Thumb Code     0  libinit2.o(.ARM.Collect$$libinit$$0000000A)
    __rt_lib_init_lc_collate_1               0x0800024d   Thumb Code     0  libinit2.o(.ARM.Collect$$libinit$$00000011)
    __rt_lib_init_lc_ctype_1                 0x0800024d   Thumb Code     0  libinit2.o(.ARM.Collect$$libinit$$00000013)
    __rt_lib_init_lc_monetary_1              0x0800024d   Thumb Code     0  libinit2.o(.ARM.Collect$$libinit$$00000015)
    __rt_lib_init_lc_numeric_1               0x0800024d   Thumb Code     0  libinit2.o(.ARM.Collect$$libinit$$00000017)
    __rt_lib_init_lc_time_1                  0x0800024d   Thumb Code     0  libinit2.o(.ARM.Collect$$libinit$$00000019)
    __rt_lib_init_preinit_1                  0x0800024d   Thumb Code     0  libinit2.o(.ARM.Collect$$libinit$$00000004)
    __rt_lib_init_rand_1                     0x0800024d   Thumb Code     0  libinit2.o(.ARM.Collect$$libinit$$0000000E)
    __rt_lib_init_return                     0x0800024d   Thumb Code     0  libinit2.o(.ARM.Collect$$libinit$$00000033)
    __rt_lib_init_signal_1                   0x0800024d   Thumb Code     0  libinit2.o(.ARM.Collect$$libinit$$0000001D)
    __rt_lib_init_stdio_1                    0x0800024d   Thumb Code     0  libinit2.o(.ARM.Collect$$libinit$$00000025)
    __rt_lib_init_user_alloc_1               0x0800024d   Thumb Code     0  libinit2.o(.ARM.Collect$$libinit$$0000000C)
    __rt_lib_shutdown                        0x0800024f   Thumb Code     0  libshutdown.o(.ARM.Collect$$libshutdown$$00000000)
    __rt_lib_shutdown_cpp_1                  0x08000251   Thumb Code     0  libshutdown2.o(.ARM.Collect$$libshutdown$$00000002)
    __rt_lib_shutdown_fp_trap_1              0x08000251   Thumb Code     0  libshutdown2.o(.ARM.Collect$$libshutdown$$00000007)
    __rt_lib_shutdown_heap_1                 0x08000251   Thumb Code     0  libshutdown2.o(.ARM.Collect$$libshutdown$$0000000F)
    __rt_lib_shutdown_return                 0x08000251   Thumb Code     0  libshutdown2.o(.ARM.Collect$$libshutdown$$00000010)
    __rt_lib_shutdown_signal_1               0x08000251   Thumb Code     0  libshutdown2.o(.ARM.Collect$$libshutdown$$0000000A)
    __rt_lib_shutdown_stdio_1                0x08000251   Thumb Code     0  libshutdown2.o(.ARM.Collect$$libshutdown$$00000004)
    __rt_lib_shutdown_user_alloc_1           0x08000251   Thumb Code     0  libshutdown2.o(.ARM.Collect$$libshutdown$$0000000C)
    __rt_entry                               0x08000253   Thumb Code     0  __rtentry.o(.ARM.Collect$$rtentry$$00000000)
    __rt_entry_presh_1                       0x08000253   Thumb Code     0  __rtentry2.o(.ARM.Collect$$rtentry$$00000002)
    __rt_entry_sh                            0x08000253   Thumb Code     0  __rtentry4.o(.ARM.Collect$$rtentry$$00000004)
    __rt_entry_li                            0x08000259   Thumb Code     0  __rtentry2.o(.ARM.Collect$$rtentry$$0000000A)
    __rt_entry_postsh_1                      0x08000259   Thumb Code     0  __rtentry2.o(.ARM.Collect$$rtentry$$00000009)
    __rt_entry_main                          0x0800025d   Thumb Code     0  __rtentry2.o(.ARM.Collect$$rtentry$$0000000D)
    __rt_entry_postli_1                      0x0800025d   Thumb Code     0  __rtentry2.o(.ARM.Collect$$rtentry$$0000000C)
    __rt_exit                                0x08000265   Thumb Code     0  rtexit.o(.ARM.Collect$$rtexit$$00000000)
    __rt_exit_ls                             0x08000267   Thumb Code     0  rtexit2.o(.ARM.Collect$$rtexit$$00000003)
    __rt_exit_prels_1                        0x08000267   Thumb Code     0  rtexit2.o(.ARM.Collect$$rtexit$$00000002)
    __rt_exit_exit                           0x0800026b   Thumb Code     0  rtexit2.o(.ARM.Collect$$rtexit$$00000004)
    main                                     0x08000271   Thumb Code   454  main.o(.text)
    UART_Show                                0x08000437   Thumb Code    50  main.o(.text)
    OLED_Show                                0x08000469   Thumb Code    86  main.o(.text)
    NMI_Handler                              0x08000501   Thumb Code     2  stm32f4xx_it.o(.text)
    HardFault_Handler                        0x08000503   Thumb Code     4  stm32f4xx_it.o(.text)
    MemManage_Handler                        0x08000507   Thumb Code     4  stm32f4xx_it.o(.text)
    BusFault_Handler                         0x0800050b   Thumb Code     4  stm32f4xx_it.o(.text)
    UsageFault_Handler                       0x0800050f   Thumb Code     4  stm32f4xx_it.o(.text)
    SVC_Handler                              0x08000513   Thumb Code     2  stm32f4xx_it.o(.text)
    DebugMon_Handler                         0x08000515   Thumb Code     2  stm32f4xx_it.o(.text)
    PendSV_Handler                           0x08000517   Thumb Code     2  stm32f4xx_it.o(.text)
    SysTick_Handler                          0x08000519   Thumb Code     2  stm32f4xx_it.o(.text)
    SystemInit                               0x080005f9   Thumb Code    88  system_stm32f4xx.o(.text)
    SystemCoreClockUpdate                    0x08000651   Thumb Code   174  system_stm32f4xx.o(.text)
    LED_Init                                 0x0800072d   Thumb Code    54  led.o(.text)
    TIM3_PWM_Init                            0x0800076d   Thumb Code   266  pwm.o(.text)
    TIM4_PWM_Init                            0x08000877   Thumb Code   232  pwm.o(.text)
    TIM2_Int_Init                            0x08000971   Thumb Code    90  timer.o(.text)
    TIM2_IRQHandler                          0x080009cb   Thumb Code   104  timer.o(.text)
    TIM7_init                                0x08000a33   Thumb Code    84  timer.o(.text)
    TIM7_IRQHandler                          0x08000a87   Thumb Code    12  timer.o(.text)
    PositionPID                              0x08000aad   Thumb Code   750  control.o(.text)
    High_fix                                 0x08000d9b   Thumb Code    78  control.o(.text)
    lock                                     0x08000de9   Thumb Code    92  control.o(.text)
    Unlock                                   0x08000e45   Thumb Code   258  control.o(.text)
    Take_off                                 0x08000f47   Thumb Code   206  control.o(.text)
    Land_down                                0x08001015   Thumb Code    50  control.o(.text)
    Start_Fixed_high                         0x08001047   Thumb Code    68  control.o(.text)
    Vision_datadeal                          0x080010bd   Thumb Code   242  data_deal.o(.text)
    uart3_init                               0x080011e1   Thumb Code   166  usart3.o(.text)
    USART3_IRQHandler                        0x08001287   Thumb Code    84  usart3.o(.text)
    uart2_init                               0x080012f1   Thumb Code   164  usart2.o(.text)
    USART2_IRQHandler                        0x08001395   Thumb Code    56  usart2.o(.text)
    Median_filer1                            0x080013e1   Thumb Code   140  medianfiler.o(.text)
    Median_filer2                            0x0800146d   Thumb Code   140  medianfiler.o(.text)
    MedianAverage_filer                      0x080014f9   Thumb Code   318  medianfiler.o(.text)
    KEY_Init                                 0x0800164d   Thumb Code    42  key.o(.text)
    KEY_Scan                                 0x08001677   Thumb Code   198  key.o(.text)
    IIC_Init                                 0x08001741   Thumb Code    68  myiic.o(.text)
    IIC_Start                                0x08001785   Thumb Code    68  myiic.o(.text)
    IIC_Stop                                 0x080017c9   Thumb Code    62  myiic.o(.text)
    IIC_Wait_Ack                             0x08001807   Thumb Code    82  myiic.o(.text)
    IIC_Ack                                  0x08001859   Thumb Code    66  myiic.o(.text)
    IIC_NAck                                 0x0800189b   Thumb Code    66  myiic.o(.text)
    IIC_Send_Byte                            0x080018dd   Thumb Code   104  myiic.o(.text)
    IIC_Read_Byte                            0x08001945   Thumb Code    94  myiic.o(.text)
    GPIO_Init_Pins                           0x080019b1   Thumb Code   178  oled.o(.text)
    OLED_GPIO_Init                           0x08001a63   Thumb Code    54  oled.o(.text)
    XINGC_Init                               0x08001a99   Thumb Code    42  oled.o(.text)
    Write_IIC_Data                           0x08001ac3   Thumb Code    44  oled.o(.text)
    Write_IIC_Command                        0x08001aef   Thumb Code    50  oled.o(.text)
    OLED_WR_Byte                             0x08001b21   Thumb Code    24  oled.o(.text)
    OLED_Set_Pos                             0x08001b39   Thumb Code    44  oled.o(.text)
    OLED_Display_On                          0x08001b65   Thumb Code    28  oled.o(.text)
    OLED_Display_Off                         0x08001b81   Thumb Code    28  oled.o(.text)
    OLED_Clear                               0x08001b9d   Thumb Code    64  oled.o(.text)
    OLED_ShowChar                            0x08001bdd   Thumb Code   154  oled.o(.text)
    OLED_pow                                 0x08001c77   Thumb Code    22  oled.o(.text)
    OLED_ShowUnNum                           0x08001c8d   Thumb Code   136  oled.o(.text)
    OLED_ShowNum                             0x08001d15   Thumb Code    98  oled.o(.text)
    OLED_ShowUnFloat                         0x08001d77   Thumb Code   254  oled.o(.text)
    OLED_ShowFloat                           0x08001e75   Thumb Code   160  oled.o(.text)
    OLED_ShowString                          0x08001f15   Thumb Code    58  oled.o(.text)
    OLED_ShowCHinese                         0x08001f4f   Thumb Code    98  oled.o(.text)
    OLED_Init                                0x08001fb1   Thumb Code   248  oled.o(.text)
    delay_init                               0x080020b5   Thumb Code    52  delay.o(.text)
    delay_us                                 0x080020e9   Thumb Code    72  delay.o(.text)
    delay_xms                                0x08002131   Thumb Code    72  delay.o(.text)
    delay_ms                                 0x08002179   Thumb Code    56  delay.o(.text)
    _sys_exit                                0x080021b9   Thumb Code     4  usart.o(.text)
    fputc                                    0x080021bd   Thumb Code    22  usart.o(.text)
    uart_init                                0x080021d3   Thumb Code   164  usart.o(.text)
    USART1_IRQHandler                        0x08002277   Thumb Code   122  usart.o(.text)
    Reset_Handler                            0x08002301   Thumb Code     8  startup_stm32f40_41xxx.o(.text)
    ADC_IRQHandler                           0x0800231b   Thumb Code     0  startup_stm32f40_41xxx.o(.text)
    CAN1_RX0_IRQHandler                      0x0800231b   Thumb Code     0  startup_stm32f40_41xxx.o(.text)
    CAN1_RX1_IRQHandler                      0x0800231b   Thumb Code     0  startup_stm32f40_41xxx.o(.text)
    CAN1_SCE_IRQHandler                      0x0800231b   Thumb Code     0  startup_stm32f40_41xxx.o(.text)
    CAN1_TX_IRQHandler                       0x0800231b   Thumb Code     0  startup_stm32f40_41xxx.o(.text)
    CAN2_RX0_IRQHandler                      0x0800231b   Thumb Code     0  startup_stm32f40_41xxx.o(.text)
    CAN2_RX1_IRQHandler                      0x0800231b   Thumb Code     0  startup_stm32f40_41xxx.o(.text)
    CAN2_SCE_IRQHandler                      0x0800231b   Thumb Code     0  startup_stm32f40_41xxx.o(.text)
    CAN2_TX_IRQHandler                       0x0800231b   Thumb Code     0  startup_stm32f40_41xxx.o(.text)
    CRYP_IRQHandler                          0x0800231b   Thumb Code     0  startup_stm32f40_41xxx.o(.text)
    DCMI_IRQHandler                          0x0800231b   Thumb Code     0  startup_stm32f40_41xxx.o(.text)
    DMA1_Stream0_IRQHandler                  0x0800231b   Thumb Code     0  startup_stm32f40_41xxx.o(.text)
    DMA1_Stream1_IRQHandler                  0x0800231b   Thumb Code     0  startup_stm32f40_41xxx.o(.text)
    DMA1_Stream2_IRQHandler                  0x0800231b   Thumb Code     0  startup_stm32f40_41xxx.o(.text)
    DMA1_Stream3_IRQHandler                  0x0800231b   Thumb Code     0  startup_stm32f40_41xxx.o(.text)
    DMA1_Stream4_IRQHandler                  0x0800231b   Thumb Code     0  startup_stm32f40_41xxx.o(.text)
    DMA1_Stream5_IRQHandler                  0x0800231b   Thumb Code     0  startup_stm32f40_41xxx.o(.text)
    DMA1_Stream6_IRQHandler                  0x0800231b   Thumb Code     0  startup_stm32f40_41xxx.o(.text)
    DMA1_Stream7_IRQHandler                  0x0800231b   Thumb Code     0  startup_stm32f40_41xxx.o(.text)
    DMA2_Stream0_IRQHandler                  0x0800231b   Thumb Code     0  startup_stm32f40_41xxx.o(.text)
    DMA2_Stream1_IRQHandler                  0x0800231b   Thumb Code     0  startup_stm32f40_41xxx.o(.text)
    DMA2_Stream2_IRQHandler                  0x0800231b   Thumb Code     0  startup_stm32f40_41xxx.o(.text)
    DMA2_Stream3_IRQHandler                  0x0800231b   Thumb Code     0  startup_stm32f40_41xxx.o(.text)
    DMA2_Stream4_IRQHandler                  0x0800231b   Thumb Code     0  startup_stm32f40_41xxx.o(.text)
    DMA2_Stream5_IRQHandler                  0x0800231b   Thumb Code     0  startup_stm32f40_41xxx.o(.text)
    DMA2_Stream6_IRQHandler                  0x0800231b   Thumb Code     0  startup_stm32f40_41xxx.o(.text)
    DMA2_Stream7_IRQHandler                  0x0800231b   Thumb Code     0  startup_stm32f40_41xxx.o(.text)
    ETH_IRQHandler                           0x0800231b   Thumb Code     0  startup_stm32f40_41xxx.o(.text)
    ETH_WKUP_IRQHandler                      0x0800231b   Thumb Code     0  startup_stm32f40_41xxx.o(.text)
    EXTI0_IRQHandler                         0x0800231b   Thumb Code     0  startup_stm32f40_41xxx.o(.text)
    EXTI15_10_IRQHandler                     0x0800231b   Thumb Code     0  startup_stm32f40_41xxx.o(.text)
    EXTI1_IRQHandler                         0x0800231b   Thumb Code     0  startup_stm32f40_41xxx.o(.text)
    EXTI2_IRQHandler                         0x0800231b   Thumb Code     0  startup_stm32f40_41xxx.o(.text)
    EXTI3_IRQHandler                         0x0800231b   Thumb Code     0  startup_stm32f40_41xxx.o(.text)
    EXTI4_IRQHandler                         0x0800231b   Thumb Code     0  startup_stm32f40_41xxx.o(.text)
    EXTI9_5_IRQHandler                       0x0800231b   Thumb Code     0  startup_stm32f40_41xxx.o(.text)
    FLASH_IRQHandler                         0x0800231b   Thumb Code     0  startup_stm32f40_41xxx.o(.text)
    FPU_IRQHandler                           0x0800231b   Thumb Code     0  startup_stm32f40_41xxx.o(.text)
    FSMC_IRQHandler                          0x0800231b   Thumb Code     0  startup_stm32f40_41xxx.o(.text)
    HASH_RNG_IRQHandler                      0x0800231b   Thumb Code     0  startup_stm32f40_41xxx.o(.text)
    I2C1_ER_IRQHandler                       0x0800231b   Thumb Code     0  startup_stm32f40_41xxx.o(.text)
    I2C1_EV_IRQHandler                       0x0800231b   Thumb Code     0  startup_stm32f40_41xxx.o(.text)
    I2C2_ER_IRQHandler                       0x0800231b   Thumb Code     0  startup_stm32f40_41xxx.o(.text)
    I2C2_EV_IRQHandler                       0x0800231b   Thumb Code     0  startup_stm32f40_41xxx.o(.text)
    I2C3_ER_IRQHandler                       0x0800231b   Thumb Code     0  startup_stm32f40_41xxx.o(.text)
    I2C3_EV_IRQHandler                       0x0800231b   Thumb Code     0  startup_stm32f40_41xxx.o(.text)
    OTG_FS_IRQHandler                        0x0800231b   Thumb Code     0  startup_stm32f40_41xxx.o(.text)
    OTG_FS_WKUP_IRQHandler                   0x0800231b   Thumb Code     0  startup_stm32f40_41xxx.o(.text)
    OTG_HS_EP1_IN_IRQHandler                 0x0800231b   Thumb Code     0  startup_stm32f40_41xxx.o(.text)
    OTG_HS_EP1_OUT_IRQHandler                0x0800231b   Thumb Code     0  startup_stm32f40_41xxx.o(.text)
    OTG_HS_IRQHandler                        0x0800231b   Thumb Code     0  startup_stm32f40_41xxx.o(.text)
    OTG_HS_WKUP_IRQHandler                   0x0800231b   Thumb Code     0  startup_stm32f40_41xxx.o(.text)
    PVD_IRQHandler                           0x0800231b   Thumb Code     0  startup_stm32f40_41xxx.o(.text)
    RCC_IRQHandler                           0x0800231b   Thumb Code     0  startup_stm32f40_41xxx.o(.text)
    RTC_Alarm_IRQHandler                     0x0800231b   Thumb Code     0  startup_stm32f40_41xxx.o(.text)
    RTC_WKUP_IRQHandler                      0x0800231b   Thumb Code     0  startup_stm32f40_41xxx.o(.text)
    SDIO_IRQHandler                          0x0800231b   Thumb Code     0  startup_stm32f40_41xxx.o(.text)
    SPI1_IRQHandler                          0x0800231b   Thumb Code     0  startup_stm32f40_41xxx.o(.text)
    SPI2_IRQHandler                          0x0800231b   Thumb Code     0  startup_stm32f40_41xxx.o(.text)
    SPI3_IRQHandler                          0x0800231b   Thumb Code     0  startup_stm32f40_41xxx.o(.text)
    TAMP_STAMP_IRQHandler                    0x0800231b   Thumb Code     0  startup_stm32f40_41xxx.o(.text)
    TIM1_BRK_TIM9_IRQHandler                 0x0800231b   Thumb Code     0  startup_stm32f40_41xxx.o(.text)
    TIM1_CC_IRQHandler                       0x0800231b   Thumb Code     0  startup_stm32f40_41xxx.o(.text)
    TIM1_TRG_COM_TIM11_IRQHandler            0x0800231b   Thumb Code     0  startup_stm32f40_41xxx.o(.text)
    TIM1_UP_TIM10_IRQHandler                 0x0800231b   Thumb Code     0  startup_stm32f40_41xxx.o(.text)
    TIM3_IRQHandler                          0x0800231b   Thumb Code     0  startup_stm32f40_41xxx.o(.text)
    TIM4_IRQHandler                          0x0800231b   Thumb Code     0  startup_stm32f40_41xxx.o(.text)
    TIM5_IRQHandler                          0x0800231b   Thumb Code     0  startup_stm32f40_41xxx.o(.text)
    TIM6_DAC_IRQHandler                      0x0800231b   Thumb Code     0  startup_stm32f40_41xxx.o(.text)
    TIM8_BRK_TIM12_IRQHandler                0x0800231b   Thumb Code     0  startup_stm32f40_41xxx.o(.text)
    TIM8_CC_IRQHandler                       0x0800231b   Thumb Code     0  startup_stm32f40_41xxx.o(.text)
    TIM8_TRG_COM_TIM14_IRQHandler            0x0800231b   Thumb Code     0  startup_stm32f40_41xxx.o(.text)
    TIM8_UP_TIM13_IRQHandler                 0x0800231b   Thumb Code     0  startup_stm32f40_41xxx.o(.text)
    UART4_IRQHandler                         0x0800231b   Thumb Code     0  startup_stm32f40_41xxx.o(.text)
    UART5_IRQHandler                         0x0800231b   Thumb Code     0  startup_stm32f40_41xxx.o(.text)
    USART6_IRQHandler                        0x0800231b   Thumb Code     0  startup_stm32f40_41xxx.o(.text)
    WWDG_IRQHandler                          0x0800231b   Thumb Code     0  startup_stm32f40_41xxx.o(.text)
    __user_initial_stackheap                 0x0800231d   Thumb Code     0  startup_stm32f40_41xxx.o(.text)
    NVIC_PriorityGroupConfig                 0x08002341   Thumb Code    10  misc.o(.text)
    NVIC_Init                                0x0800234b   Thumb Code   106  misc.o(.text)
    NVIC_SetVectorTable                      0x080023b5   Thumb Code    14  misc.o(.text)
    NVIC_SystemLPConfig                      0x080023c3   Thumb Code    34  misc.o(.text)
    SysTick_CLKSourceConfig                  0x080023e5   Thumb Code    40  misc.o(.text)
    GPIO_DeInit                              0x08002421   Thumb Code   268  stm32f4xx_gpio.o(.text)
    GPIO_Init                                0x0800252d   Thumb Code   144  stm32f4xx_gpio.o(.text)
    GPIO_StructInit                          0x080025bd   Thumb Code    18  stm32f4xx_gpio.o(.text)
    GPIO_PinLockConfig                       0x080025cf   Thumb Code    34  stm32f4xx_gpio.o(.text)
    GPIO_ReadInputDataBit                    0x080025f1   Thumb Code    18  stm32f4xx_gpio.o(.text)
    GPIO_ReadInputData                       0x08002603   Thumb Code     8  stm32f4xx_gpio.o(.text)
    GPIO_ReadOutputDataBit                   0x0800260b   Thumb Code    18  stm32f4xx_gpio.o(.text)
    GPIO_ReadOutputData                      0x0800261d   Thumb Code     8  stm32f4xx_gpio.o(.text)
    GPIO_SetBits                             0x08002625   Thumb Code     4  stm32f4xx_gpio.o(.text)
    GPIO_ResetBits                           0x08002629   Thumb Code     4  stm32f4xx_gpio.o(.text)
    GPIO_WriteBit                            0x0800262d   Thumb Code    10  stm32f4xx_gpio.o(.text)
    GPIO_Write                               0x08002637   Thumb Code     4  stm32f4xx_gpio.o(.text)
    GPIO_ToggleBits                          0x0800263b   Thumb Code     8  stm32f4xx_gpio.o(.text)
    GPIO_PinAFConfig                         0x08002643   Thumb Code    70  stm32f4xx_gpio.o(.text)
    USART_DeInit                             0x080026b5   Thumb Code   206  stm32f4xx_usart.o(.text)
    USART_Init                               0x08002783   Thumb Code   204  stm32f4xx_usart.o(.text)
    USART_StructInit                         0x0800284f   Thumb Code    24  stm32f4xx_usart.o(.text)
    USART_ClockInit                          0x08002867   Thumb Code    32  stm32f4xx_usart.o(.text)
    USART_ClockStructInit                    0x08002887   Thumb Code    12  stm32f4xx_usart.o(.text)
    USART_Cmd                                0x08002893   Thumb Code    24  stm32f4xx_usart.o(.text)
    USART_SetPrescaler                       0x080028ab   Thumb Code    16  stm32f4xx_usart.o(.text)
    USART_OverSampling8Cmd                   0x080028bb   Thumb Code    22  stm32f4xx_usart.o(.text)
    USART_OneBitMethodCmd                    0x080028d1   Thumb Code    24  stm32f4xx_usart.o(.text)
    USART_SendData                           0x080028e9   Thumb Code     8  stm32f4xx_usart.o(.text)
    USART_ReceiveData                        0x080028f1   Thumb Code    10  stm32f4xx_usart.o(.text)
    USART_SetAddress                         0x080028fb   Thumb Code    18  stm32f4xx_usart.o(.text)
    USART_ReceiverWakeUpCmd                  0x0800290d   Thumb Code    24  stm32f4xx_usart.o(.text)
    USART_WakeUpConfig                       0x08002925   Thumb Code    18  stm32f4xx_usart.o(.text)
    USART_LINBreakDetectLengthConfig         0x08002937   Thumb Code    18  stm32f4xx_usart.o(.text)
    USART_LINCmd                             0x08002949   Thumb Code    24  stm32f4xx_usart.o(.text)
    USART_SendBreak                          0x08002961   Thumb Code    10  stm32f4xx_usart.o(.text)
    USART_HalfDuplexCmd                      0x0800296b   Thumb Code    24  stm32f4xx_usart.o(.text)
    USART_SetGuardTime                       0x08002983   Thumb Code    16  stm32f4xx_usart.o(.text)
    USART_SmartCardCmd                       0x08002993   Thumb Code    24  stm32f4xx_usart.o(.text)
    USART_SmartCardNACKCmd                   0x080029ab   Thumb Code    24  stm32f4xx_usart.o(.text)
    USART_IrDAConfig                         0x080029c3   Thumb Code    18  stm32f4xx_usart.o(.text)
    USART_IrDACmd                            0x080029d5   Thumb Code    24  stm32f4xx_usart.o(.text)
    USART_DMACmd                             0x080029ed   Thumb Code    18  stm32f4xx_usart.o(.text)
    USART_ITConfig                           0x080029ff   Thumb Code    74  stm32f4xx_usart.o(.text)
    USART_GetFlagStatus                      0x08002a49   Thumb Code    26  stm32f4xx_usart.o(.text)
    USART_ClearFlag                          0x08002a63   Thumb Code    18  stm32f4xx_usart.o(.text)
    USART_GetITStatus                        0x08002a75   Thumb Code   118  stm32f4xx_usart.o(.text)
    USART_ClearITPendingBit                  0x08002aeb   Thumb Code    30  stm32f4xx_usart.o(.text)
    TIM_DeInit                               0x08002b09   Thumb Code   346  stm32f4xx_tim.o(.text)
    TIM_TimeBaseInit                         0x08002c63   Thumb Code   104  stm32f4xx_tim.o(.text)
    TIM_TimeBaseStructInit                   0x08002ccb   Thumb Code    18  stm32f4xx_tim.o(.text)
    TIM_PrescalerConfig                      0x08002cdd   Thumb Code     6  stm32f4xx_tim.o(.text)
    TIM_CounterModeConfig                    0x08002ce3   Thumb Code    18  stm32f4xx_tim.o(.text)
    TIM_SetCounter                           0x08002cf5   Thumb Code     4  stm32f4xx_tim.o(.text)
    TIM_SetAutoreload                        0x08002cf9   Thumb Code     4  stm32f4xx_tim.o(.text)
    TIM_GetCounter                           0x08002cfd   Thumb Code     6  stm32f4xx_tim.o(.text)
    TIM_GetPrescaler                         0x08002d03   Thumb Code     6  stm32f4xx_tim.o(.text)
    TIM_UpdateDisableConfig                  0x08002d09   Thumb Code    24  stm32f4xx_tim.o(.text)
    TIM_UpdateRequestConfig                  0x08002d21   Thumb Code    24  stm32f4xx_tim.o(.text)
    TIM_ARRPreloadConfig                     0x08002d39   Thumb Code    24  stm32f4xx_tim.o(.text)
    TIM_SelectOnePulseMode                   0x08002d51   Thumb Code    18  stm32f4xx_tim.o(.text)
    TIM_SetClockDivision                     0x08002d63   Thumb Code    18  stm32f4xx_tim.o(.text)
    TIM_Cmd                                  0x08002d75   Thumb Code    24  stm32f4xx_tim.o(.text)
    TIM_OC1Init                              0x08002d8d   Thumb Code   114  stm32f4xx_tim.o(.text)
    TIM_OC2Init                              0x08002dff   Thumb Code   154  stm32f4xx_tim.o(.text)
    TIM_OC3Init                              0x08002e99   Thumb Code   204  stm32f4xx_tim.o(.text)
    TIM_OC4Init                              0x08002f65   Thumb Code   112  stm32f4xx_tim.o(.text)
    TIM_OCStructInit                         0x08002fd5   Thumb Code    20  stm32f4xx_tim.o(.text)
    TIM_SelectOCxM                           0x08002fe9   Thumb Code    86  stm32f4xx_tim.o(.text)
    TIM_SetCompare1                          0x0800303f   Thumb Code     4  stm32f4xx_tim.o(.text)
    TIM_SetCompare2                          0x08003043   Thumb Code     4  stm32f4xx_tim.o(.text)
    TIM_SetCompare3                          0x08003047   Thumb Code     4  stm32f4xx_tim.o(.text)
    TIM_SetCompare4                          0x0800304b   Thumb Code     4  stm32f4xx_tim.o(.text)
    TIM_ForcedOC1Config                      0x0800304f   Thumb Code    18  stm32f4xx_tim.o(.text)
    TIM_ForcedOC2Config                      0x08003061   Thumb Code    26  stm32f4xx_tim.o(.text)
    TIM_ForcedOC3Config                      0x0800307b   Thumb Code    18  stm32f4xx_tim.o(.text)
    TIM_ForcedOC4Config                      0x0800308d   Thumb Code    26  stm32f4xx_tim.o(.text)
    TIM_OC1PreloadConfig                     0x080030a7   Thumb Code    18  stm32f4xx_tim.o(.text)
    TIM_OC2PreloadConfig                     0x080030b9   Thumb Code    26  stm32f4xx_tim.o(.text)
    TIM_OC3PreloadConfig                     0x080030d3   Thumb Code    18  stm32f4xx_tim.o(.text)
    TIM_OC4PreloadConfig                     0x080030e5   Thumb Code    26  stm32f4xx_tim.o(.text)
    TIM_OC1FastConfig                        0x080030ff   Thumb Code    18  stm32f4xx_tim.o(.text)
    TIM_OC2FastConfig                        0x08003111   Thumb Code    26  stm32f4xx_tim.o(.text)
    TIM_OC3FastConfig                        0x0800312b   Thumb Code    18  stm32f4xx_tim.o(.text)
    TIM_OC4FastConfig                        0x0800313d   Thumb Code    26  stm32f4xx_tim.o(.text)
    TIM_ClearOC1Ref                          0x08003157   Thumb Code    18  stm32f4xx_tim.o(.text)
    TIM_ClearOC2Ref                          0x08003169   Thumb Code    24  stm32f4xx_tim.o(.text)
    TIM_ClearOC3Ref                          0x08003181   Thumb Code    18  stm32f4xx_tim.o(.text)
    TIM_ClearOC4Ref                          0x08003193   Thumb Code    24  stm32f4xx_tim.o(.text)
    TIM_OC1PolarityConfig                    0x080031ab   Thumb Code    18  stm32f4xx_tim.o(.text)
    TIM_OC1NPolarityConfig                   0x080031bd   Thumb Code    18  stm32f4xx_tim.o(.text)
    TIM_OC2PolarityConfig                    0x080031cf   Thumb Code    26  stm32f4xx_tim.o(.text)
    TIM_OC2NPolarityConfig                   0x080031e9   Thumb Code    26  stm32f4xx_tim.o(.text)
    TIM_OC3PolarityConfig                    0x08003203   Thumb Code    26  stm32f4xx_tim.o(.text)
    TIM_OC3NPolarityConfig                   0x0800321d   Thumb Code    26  stm32f4xx_tim.o(.text)
    TIM_OC4PolarityConfig                    0x08003237   Thumb Code    26  stm32f4xx_tim.o(.text)
    TIM_CCxCmd                               0x08003251   Thumb Code    30  stm32f4xx_tim.o(.text)
    TIM_CCxNCmd                              0x0800326f   Thumb Code    30  stm32f4xx_tim.o(.text)
    TIM_SetIC4Prescaler                      0x0800328d   Thumb Code    26  stm32f4xx_tim.o(.text)
    TIM_SetIC3Prescaler                      0x080032f7   Thumb Code    18  stm32f4xx_tim.o(.text)
    TIM_SetIC2Prescaler                      0x08003351   Thumb Code    26  stm32f4xx_tim.o(.text)
    TIM_SetIC1Prescaler                      0x080033c5   Thumb Code    18  stm32f4xx_tim.o(.text)
    TIM_ICInit                               0x08003411   Thumb Code   110  stm32f4xx_tim.o(.text)
    TIM_ICStructInit                         0x0800347f   Thumb Code    18  stm32f4xx_tim.o(.text)
    TIM_PWMIConfig                           0x08003491   Thumb Code   124  stm32f4xx_tim.o(.text)
    TIM_GetCapture1                          0x0800350d   Thumb Code     6  stm32f4xx_tim.o(.text)
    TIM_GetCapture2                          0x08003513   Thumb Code     6  stm32f4xx_tim.o(.text)
    TIM_GetCapture3                          0x08003519   Thumb Code     6  stm32f4xx_tim.o(.text)
    TIM_GetCapture4                          0x0800351f   Thumb Code     6  stm32f4xx_tim.o(.text)
    TIM_BDTRConfig                           0x08003525   Thumb Code    32  stm32f4xx_tim.o(.text)
    TIM_BDTRStructInit                       0x08003545   Thumb Code    18  stm32f4xx_tim.o(.text)
    TIM_CtrlPWMOutputs                       0x08003557   Thumb Code    30  stm32f4xx_tim.o(.text)
    TIM_SelectCOM                            0x08003575   Thumb Code    24  stm32f4xx_tim.o(.text)
    TIM_CCPreloadControl                     0x0800358d   Thumb Code    24  stm32f4xx_tim.o(.text)
    TIM_ITConfig                             0x080035a5   Thumb Code    18  stm32f4xx_tim.o(.text)
    TIM_GenerateEvent                        0x080035b7   Thumb Code     4  stm32f4xx_tim.o(.text)
    TIM_GetFlagStatus                        0x080035bb   Thumb Code    18  stm32f4xx_tim.o(.text)
    TIM_ClearFlag                            0x080035cd   Thumb Code     6  stm32f4xx_tim.o(.text)
    TIM_GetITStatus                          0x080035d3   Thumb Code    34  stm32f4xx_tim.o(.text)
    TIM_ClearITPendingBit                    0x080035f5   Thumb Code     6  stm32f4xx_tim.o(.text)
    TIM_DMAConfig                            0x080035fb   Thumb Code    10  stm32f4xx_tim.o(.text)
    TIM_DMACmd                               0x08003605   Thumb Code    18  stm32f4xx_tim.o(.text)
    TIM_SelectCCDMA                          0x08003617   Thumb Code    24  stm32f4xx_tim.o(.text)
    TIM_InternalClockConfig                  0x0800362f   Thumb Code    12  stm32f4xx_tim.o(.text)
    TIM_SelectInputTrigger                   0x0800363b   Thumb Code    18  stm32f4xx_tim.o(.text)
    TIM_ITRxExternalClockConfig              0x0800364d   Thumb Code    24  stm32f4xx_tim.o(.text)
    TIM_TIxExternalClockConfig               0x08003665   Thumb Code    62  stm32f4xx_tim.o(.text)
    TIM_ETRConfig                            0x080036a3   Thumb Code    28  stm32f4xx_tim.o(.text)
    TIM_ETRClockMode1Config                  0x080036bf   Thumb Code    54  stm32f4xx_tim.o(.text)
    TIM_ETRClockMode2Config                  0x080036f5   Thumb Code    32  stm32f4xx_tim.o(.text)
    TIM_SelectOutputTrigger                  0x08003715   Thumb Code    18  stm32f4xx_tim.o(.text)
    TIM_SelectSlaveMode                      0x08003727   Thumb Code    18  stm32f4xx_tim.o(.text)
    TIM_SelectMasterSlaveMode                0x08003739   Thumb Code    18  stm32f4xx_tim.o(.text)
    TIM_EncoderInterfaceConfig               0x0800374b   Thumb Code    66  stm32f4xx_tim.o(.text)
    TIM_SelectHallSensor                     0x0800378d   Thumb Code    24  stm32f4xx_tim.o(.text)
    TIM_RemapConfig                          0x080037a5   Thumb Code     6  stm32f4xx_tim.o(.text)
    RCC_DeInit                               0x080037ad   Thumb Code    82  stm32f4xx_rcc.o(.text)
    RCC_HSEConfig                            0x080037ff   Thumb Code    14  stm32f4xx_rcc.o(.text)
    RCC_GetFlagStatus                        0x0800380d   Thumb Code    60  stm32f4xx_rcc.o(.text)
    RCC_WaitForHSEStartUp                    0x08003849   Thumb Code    56  stm32f4xx_rcc.o(.text)
    RCC_AdjustHSICalibrationValue            0x08003881   Thumb Code    20  stm32f4xx_rcc.o(.text)
    RCC_HSICmd                               0x08003895   Thumb Code     6  stm32f4xx_rcc.o(.text)
    RCC_LSEConfig                            0x0800389b   Thumb Code    46  stm32f4xx_rcc.o(.text)
    RCC_LSICmd                               0x080038c9   Thumb Code     6  stm32f4xx_rcc.o(.text)
    RCC_PLLConfig                            0x080038cf   Thumb Code    32  stm32f4xx_rcc.o(.text)
    RCC_PLLCmd                               0x080038ef   Thumb Code     6  stm32f4xx_rcc.o(.text)
    RCC_PLLI2SConfig                         0x080038f5   Thumb Code    14  stm32f4xx_rcc.o(.text)
    RCC_PLLI2SCmd                            0x08003903   Thumb Code     6  stm32f4xx_rcc.o(.text)
    RCC_PLLSAIConfig                         0x08003909   Thumb Code    20  stm32f4xx_rcc.o(.text)
    RCC_PLLSAICmd                            0x0800391d   Thumb Code     6  stm32f4xx_rcc.o(.text)
    RCC_ClockSecuritySystemCmd               0x08003923   Thumb Code     6  stm32f4xx_rcc.o(.text)
    RCC_MCO1Config                           0x08003929   Thumb Code    28  stm32f4xx_rcc.o(.text)
    RCC_MCO2Config                           0x08003945   Thumb Code    28  stm32f4xx_rcc.o(.text)
    RCC_SYSCLKConfig                         0x08003961   Thumb Code    20  stm32f4xx_rcc.o(.text)
    RCC_GetSYSCLKSource                      0x08003975   Thumb Code    12  stm32f4xx_rcc.o(.text)
    RCC_HCLKConfig                           0x08003981   Thumb Code    20  stm32f4xx_rcc.o(.text)
    RCC_PCLK1Config                          0x08003995   Thumb Code    20  stm32f4xx_rcc.o(.text)
    RCC_PCLK2Config                          0x080039a9   Thumb Code    22  stm32f4xx_rcc.o(.text)
    RCC_GetClocksFreq                        0x080039bf   Thumb Code   222  stm32f4xx_rcc.o(.text)
    RCC_RTCCLKConfig                         0x08003a9d   Thumb Code    54  stm32f4xx_rcc.o(.text)
    RCC_RTCCLKCmd                            0x08003ad3   Thumb Code     8  stm32f4xx_rcc.o(.text)
    RCC_BackupResetCmd                       0x08003adb   Thumb Code     8  stm32f4xx_rcc.o(.text)
    RCC_I2SCLKConfig                         0x08003ae3   Thumb Code     6  stm32f4xx_rcc.o(.text)
    RCC_SAIPLLI2SClkDivConfig                0x08003ae9   Thumb Code    26  stm32f4xx_rcc.o(.text)
    RCC_SAIPLLSAIClkDivConfig                0x08003b03   Thumb Code    28  stm32f4xx_rcc.o(.text)
    RCC_SAIBlockACLKConfig                   0x08003b1f   Thumb Code    20  stm32f4xx_rcc.o(.text)
    RCC_SAIBlockBCLKConfig                   0x08003b33   Thumb Code    20  stm32f4xx_rcc.o(.text)
    RCC_LTDCCLKDivConfig                     0x08003b47   Thumb Code    20  stm32f4xx_rcc.o(.text)
    RCC_TIMCLKPresConfig                     0x08003b5b   Thumb Code     6  stm32f4xx_rcc.o(.text)
    RCC_AHB1PeriphClockCmd                   0x08003b61   Thumb Code    34  stm32f4xx_rcc.o(.text)
    RCC_AHB2PeriphClockCmd                   0x08003b83   Thumb Code    78  stm32f4xx_rcc.o(.text)
    RCC_AHB3PeriphClockCmd                   0x08003bd1   Thumb Code    34  stm32f4xx_rcc.o(.text)
    RCC_APB1PeriphClockCmd                   0x08003bf3   Thumb Code    34  stm32f4xx_rcc.o(.text)
    RCC_APB2PeriphClockCmd                   0x08003c15   Thumb Code    34  stm32f4xx_rcc.o(.text)
    RCC_AHB1PeriphResetCmd                   0x08003c37   Thumb Code    34  stm32f4xx_rcc.o(.text)
    RCC_AHB2PeriphResetCmd                   0x08003c59   Thumb Code    34  stm32f4xx_rcc.o(.text)
    RCC_AHB3PeriphResetCmd                   0x08003c7b   Thumb Code    34  stm32f4xx_rcc.o(.text)
    RCC_APB1PeriphResetCmd                   0x08003c9d   Thumb Code    34  stm32f4xx_rcc.o(.text)
    RCC_APB2PeriphResetCmd                   0x08003cbf   Thumb Code    34  stm32f4xx_rcc.o(.text)
    RCC_AHB1PeriphClockLPModeCmd             0x08003ce1   Thumb Code    34  stm32f4xx_rcc.o(.text)
    RCC_AHB2PeriphClockLPModeCmd             0x08003d03   Thumb Code    34  stm32f4xx_rcc.o(.text)
    RCC_AHB3PeriphClockLPModeCmd             0x08003d25   Thumb Code    34  stm32f4xx_rcc.o(.text)
    RCC_APB1PeriphClockLPModeCmd             0x08003d47   Thumb Code    34  stm32f4xx_rcc.o(.text)
    RCC_APB2PeriphClockLPModeCmd             0x08003d69   Thumb Code    34  stm32f4xx_rcc.o(.text)
    RCC_LSEModeConfig                        0x08003d8b   Thumb Code    40  stm32f4xx_rcc.o(.text)
    RCC_ITConfig                             0x08003db3   Thumb Code    34  stm32f4xx_rcc.o(.text)
    RCC_ClearFlag                            0x08003dd5   Thumb Code    18  stm32f4xx_rcc.o(.text)
    RCC_GetITStatus                          0x08003de7   Thumb Code    22  stm32f4xx_rcc.o(.text)
    RCC_ClearITPendingBit                    0x08003dfd   Thumb Code     8  stm32f4xx_rcc.o(.text)
    __use_no_semihosting                     0x08003e09   Thumb Code     2  use_no_semi_2.o(.text)
    __2printf                                0x08003e0d   Thumb Code    20  noretval__2printf.o(.text)
    _printf_pre_padding                      0x08003e25   Thumb Code    44  _printf_pad.o(.text)
    _printf_post_padding                     0x08003e51   Thumb Code    34  _printf_pad.o(.text)
    _printf_int_dec                          0x08003e75   Thumb Code   104  _printf_dec.o(.text)
    __printf                                 0x08003eed   Thumb Code   270  __printf_wp.o(.text)
    __use_two_region_memory                  0x08003ffb   Thumb Code     2  heapauxi.o(.text)
    __rt_heap_escrow$2region                 0x08003ffd   Thumb Code     2  heapauxi.o(.text)
    __rt_heap_expand$2region                 0x08003fff   Thumb Code     2  heapauxi.o(.text)
    __I$use$semihosting                      0x08004001   Thumb Code     0  use_no_semi.o(.text)
    __use_no_semihosting_swi                 0x08004001   Thumb Code     2  use_no_semi.o(.text)
    _printf_int_common                       0x08004003   Thumb Code   178  _printf_intcommon.o(.text)
    _printf_char_file                        0x080040b5   Thumb Code    32  _printf_char_file.o(.text)
    _printf_char_common                      0x080040e3   Thumb Code    32  _printf_char_common.o(.text)
    ferror                                   0x08004109   Thumb Code     8  ferror.o(.text)
    __user_setup_stackheap                   0x08004111   Thumb Code    74  sys_stackheap_outer.o(.text)
    exit                                     0x0800415b   Thumb Code    18  exit.o(.text)
    __user_libspace                          0x0800416d   Thumb Code     8  libspace.o(.text)
    __user_perproc_libspace                  0x0800416d   Thumb Code     0  libspace.o(.text)
    __user_perthread_libspace                0x0800416d   Thumb Code     0  libspace.o(.text)
    _is_digit                                0x08004175   Thumb Code    14  __printf_wp.o(i._is_digit)
    __aeabi_dneg                             0x08004183   Thumb Code     0  basic.o(x$fpl$basic)
    _dneg                                    0x08004183   Thumb Code     6  basic.o(x$fpl$basic)
    __aeabi_fneg                             0x08004189   Thumb Code     0  basic.o(x$fpl$basic)
    _fneg                                    0x08004189   Thumb Code     6  basic.o(x$fpl$basic)
    _dabs                                    0x0800418f   Thumb Code     6  basic.o(x$fpl$basic)
    _fabs                                    0x08004195   Thumb Code     6  basic.o(x$fpl$basic)
    __aeabi_dadd                             0x0800419d   Thumb Code     0  daddsub_clz.o(x$fpl$dadd)
    _dadd                                    0x0800419d   Thumb Code   332  daddsub_clz.o(x$fpl$dadd)
    __fpl_dcmp_Inf                           0x080042ed   Thumb Code    24  dcmpi.o(x$fpl$dcmpinf)
    __aeabi_d2iz                             0x08004305   Thumb Code     0  dfix.o(x$fpl$dfix)
    _dfix                                    0x08004305   Thumb Code    94  dfix.o(x$fpl$dfix)
    __aeabi_ui2d                             0x08004363   Thumb Code     0  dflt_clz.o(x$fpl$dfltu)
    _dfltu                                   0x08004363   Thumb Code    38  dflt_clz.o(x$fpl$dfltu)
    __aeabi_cdcmple                          0x08004389   Thumb Code     0  dleqf.o(x$fpl$dleqf)
    _dcmple                                  0x08004389   Thumb Code   120  dleqf.o(x$fpl$dleqf)
    __fpl_dcmple_InfNaN                      0x080043eb   Thumb Code     0  dleqf.o(x$fpl$dleqf)
    __aeabi_dmul                             0x08004401   Thumb Code     0  dmul.o(x$fpl$dmul)
    _dmul                                    0x08004401   Thumb Code   332  dmul.o(x$fpl$dmul)
    __fpl_dnaninf                            0x08004555   Thumb Code   156  dnaninf.o(x$fpl$dnaninf)
    __fpl_dretinf                            0x080045f1   Thumb Code    12  dretinf.o(x$fpl$dretinf)
    __aeabi_drsub                            0x080045fd   Thumb Code     0  daddsub_clz.o(x$fpl$drsb)
    _drsb                                    0x080045fd   Thumb Code    22  daddsub_clz.o(x$fpl$drsb)
    __aeabi_dsub                             0x08004615   Thumb Code     0  daddsub_clz.o(x$fpl$dsub)
    _dsub                                    0x08004615   Thumb Code   464  daddsub_clz.o(x$fpl$dsub)
    _fp_init                                 0x080047e9   Thumb Code    10  fpinit.o(x$fpl$fpinit)
    __fplib_config_fpu_vfp                   0x080047f1   Thumb Code     0  fpinit.o(x$fpl$fpinit)
    __fplib_config_pureend_doubles           0x080047f1   Thumb Code     0  fpinit.o(x$fpl$fpinit)
    F6x8                                     0x080047f2   Data         552  oled.o(.constdata)
    __I$use$fp                               0x080047f2   Number         0  usenofp.o(x$fpl$usenofp)
    F8X16                                    0x08004a1a   Data        1520  oled.o(.constdata)
    Region$$Table$$Base                      0x0800500c   Number         0  anon$$obj.o(Region$$Table)
    Region$$Table$$Limit                     0x0800502c   Number         0  anon$$obj.o(Region$$Table)
    Fly_Mode                                 0x20000000   Data           1  main.o(.data)
    Star_Fly_Flag                            0x20000001   Data           1  main.o(.data)
    End_Fly_Flag                             0x20000002   Data           1  main.o(.data)
    PIDStart_flag                            0x20000003   Data           1  main.o(.data)
    S_flag                                   0x20000004   Data           1  main.o(.data)
    SStart_flag                              0x20000005   Data           1  main.o(.data)
    PID_flag                                 0x20000006   Data           1  main.o(.data)
    mang_flag                                0x20000007   Data           1  main.o(.data)
    next_flag                                0x20000008   Data           1  main.o(.data)
    i                                        0x2000000c   Data           4  main.o(.data)
    SystemCoreClock                          0x20000010   Data           4  system_stm32f4xx.o(.data)
    AHBPrescTable                            0x20000014   Data          16  system_stm32f4xx.o(.data)
    ms                                       0x20000024   Data           4  timer.o(.data)
    s                                        0x20000028   Data           4  timer.o(.data)
    hz                                       0x2000002c   Data           4  timer.o(.data)
    US100_Alt_Temp                           0x2000005c   Data           2  data_deal.o(.data)
    Alt_Last                                 0x2000005e   Data           2  data_deal.o(.data)
    Alt_CuntTmep1                            0x20000060   Data           4  data_deal.o(.data)
    Alt_CuntTmep2                            0x20000064   Data           4  data_deal.o(.data)
    Alt_V_CuntTmep1                          0x20000068   Data           4  data_deal.o(.data)
    Alt_V_CuntTmep2                          0x2000006c   Data           4  data_deal.o(.data)
    US100_Alt_Last                           0x20000070   Data           4  data_deal.o(.data)
    hight                                    0x20000074   Data           4  data_deal.o(.data)
    speed                                    0x20000078   Data           4  data_deal.o(.data)
    pixX                                     0x2000007c   Data           4  data_deal.o(.data)
    pixY                                     0x20000080   Data           4  data_deal.o(.data)
    pixY_last                                0x20000084   Data           4  data_deal.o(.data)
    USART3_Flage                             0x20000088   Data           1  usart3.o(.data)
    USART2_Flage                             0x2000008a   Data           1  usart2.o(.data)
    measure_num                              0x2000008c   Data           4  medianfiler.o(.data)
    Hzk                                      0x20000090   Data         896  oled.o(.data)
    __stdout                                 0x20000414   Data           4  usart.o(.data)
    USART_RX_STA                             0x20000418   Data           2  usart.o(.data)
    USART3_RX_BUF                            0x2000042c   Data          20  usart3.o(.bss)
    USART2_RX_BUF                            0x20000440   Data          20  usart2.o(.bss)
    USART_RX_BUF                             0x200004a4   Data         200  usart.o(.bss)
    __libspace_start                         0x2000056c   Data          96  libspace.o(.bss)
    __temporary_stack_top$libspace           0x200005cc   Data           0  libspace.o(.bss)



==============================================================================

Memory Map of the image

  Image Entry point : 0x08000189

  Load Region LR_IROM1 (Base: 0x08000000, Size: 0x00005458, Max: 0x00080000, ABSOLUTE, COMPRESSED[0x000051b4])

    Execution Region ER_IROM1 (Exec base: 0x08000000, Load base: 0x08000000, Size: 0x0000502c, Max: 0x00080000, ABSOLUTE)

    Exec Addr    Load Addr    Size         Type   Attr      Idx    E Section Name        Object

    0x08000000   0x08000000   0x00000188   Data   RO          636    RESET               startup_stm32f40_41xxx.o
    0x08000188   0x08000188   0x00000008   Code   RO          801  * !!!main             c_w.l(__main.o)
    0x08000190   0x08000190   0x00000034   Code   RO         1000    !!!scatter          c_w.l(__scatter.o)
    0x080001c4   0x080001c4   0x0000005a   Code   RO          998    !!dczerorl2         c_w.l(__dczerorl2.o)
    0x0800021e   0x0800021e   0x00000002   PAD
    0x08000220   0x08000220   0x0000001c   Code   RO         1002    !!handler_zi        c_w.l(__scatter_zi.o)
    0x0800023c   0x0800023c   0x00000000   Code   RO          798    .ARM.Collect$$_printf_percent$$00000000  c_w.l(_printf_percent.o)
    0x0800023c   0x0800023c   0x00000006   Code   RO          797    .ARM.Collect$$_printf_percent$$00000009  c_w.l(_printf_d.o)
    0x08000242   0x08000242   0x00000004   Code   RO          832    .ARM.Collect$$_printf_percent$$00000017  c_w.l(_printf_percent_end.o)
    0x08000246   0x08000246   0x00000002   Code   RO          872    .ARM.Collect$$libinit$$00000000  c_w.l(libinit.o)
    0x08000248   0x08000248   0x00000004   Code   RO          878    .ARM.Collect$$libinit$$00000001  c_w.l(libinit2.o)
    0x0800024c   0x0800024c   0x00000000   Code   RO          881    .ARM.Collect$$libinit$$00000004  c_w.l(libinit2.o)
    0x0800024c   0x0800024c   0x00000000   Code   RO          884    .ARM.Collect$$libinit$$0000000A  c_w.l(libinit2.o)
    0x0800024c   0x0800024c   0x00000000   Code   RO          886    .ARM.Collect$$libinit$$0000000C  c_w.l(libinit2.o)
    0x0800024c   0x0800024c   0x00000000   Code   RO          888    .ARM.Collect$$libinit$$0000000E  c_w.l(libinit2.o)
    0x0800024c   0x0800024c   0x00000000   Code   RO          891    .ARM.Collect$$libinit$$00000011  c_w.l(libinit2.o)
    0x0800024c   0x0800024c   0x00000000   Code   RO          893    .ARM.Collect$$libinit$$00000013  c_w.l(libinit2.o)
    0x0800024c   0x0800024c   0x00000000   Code   RO          895    .ARM.Collect$$libinit$$00000015  c_w.l(libinit2.o)
    0x0800024c   0x0800024c   0x00000000   Code   RO          897    .ARM.Collect$$libinit$$00000017  c_w.l(libinit2.o)
    0x0800024c   0x0800024c   0x00000000   Code   RO          899    .ARM.Collect$$libinit$$00000019  c_w.l(libinit2.o)
    0x0800024c   0x0800024c   0x00000000   Code   RO          901    .ARM.Collect$$libinit$$0000001B  c_w.l(libinit2.o)
    0x0800024c   0x0800024c   0x00000000   Code   RO          903    .ARM.Collect$$libinit$$0000001D  c_w.l(libinit2.o)
    0x0800024c   0x0800024c   0x00000000   Code   RO          905    .ARM.Collect$$libinit$$0000001F  c_w.l(libinit2.o)
    0x0800024c   0x0800024c   0x00000000   Code   RO          907    .ARM.Collect$$libinit$$00000021  c_w.l(libinit2.o)
    0x0800024c   0x0800024c   0x00000000   Code   RO          909    .ARM.Collect$$libinit$$00000023  c_w.l(libinit2.o)
    0x0800024c   0x0800024c   0x00000000   Code   RO          911    .ARM.Collect$$libinit$$00000025  c_w.l(libinit2.o)
    0x0800024c   0x0800024c   0x00000000   Code   RO          915    .ARM.Collect$$libinit$$0000002C  c_w.l(libinit2.o)
    0x0800024c   0x0800024c   0x00000000   Code   RO          917    .ARM.Collect$$libinit$$0000002E  c_w.l(libinit2.o)
    0x0800024c   0x0800024c   0x00000000   Code   RO          919    .ARM.Collect$$libinit$$00000030  c_w.l(libinit2.o)
    0x0800024c   0x0800024c   0x00000000   Code   RO          921    .ARM.Collect$$libinit$$00000032  c_w.l(libinit2.o)
    0x0800024c   0x0800024c   0x00000002   Code   RO          922    .ARM.Collect$$libinit$$00000033  c_w.l(libinit2.o)
    0x0800024e   0x0800024e   0x00000002   Code   RO          940    .ARM.Collect$$libshutdown$$00000000  c_w.l(libshutdown.o)
    0x08000250   0x08000250   0x00000000   Code   RO          950    .ARM.Collect$$libshutdown$$00000002  c_w.l(libshutdown2.o)
    0x08000250   0x08000250   0x00000000   Code   RO          952    .ARM.Collect$$libshutdown$$00000004  c_w.l(libshutdown2.o)
    0x08000250   0x08000250   0x00000000   Code   RO          955    .ARM.Collect$$libshutdown$$00000007  c_w.l(libshutdown2.o)
    0x08000250   0x08000250   0x00000000   Code   RO          958    .ARM.Collect$$libshutdown$$0000000A  c_w.l(libshutdown2.o)
    0x08000250   0x08000250   0x00000000   Code   RO          960    .ARM.Collect$$libshutdown$$0000000C  c_w.l(libshutdown2.o)
    0x08000250   0x08000250   0x00000000   Code   RO          963    .ARM.Collect$$libshutdown$$0000000F  c_w.l(libshutdown2.o)
    0x08000250   0x08000250   0x00000002   Code   RO          964    .ARM.Collect$$libshutdown$$00000010  c_w.l(libshutdown2.o)
    0x08000252   0x08000252   0x00000000   Code   RO          827    .ARM.Collect$$rtentry$$00000000  c_w.l(__rtentry.o)
    0x08000252   0x08000252   0x00000000   Code   RO          841    .ARM.Collect$$rtentry$$00000002  c_w.l(__rtentry2.o)
    0x08000252   0x08000252   0x00000006   Code   RO          853    .ARM.Collect$$rtentry$$00000004  c_w.l(__rtentry4.o)
    0x08000258   0x08000258   0x00000000   Code   RO          843    .ARM.Collect$$rtentry$$00000009  c_w.l(__rtentry2.o)
    0x08000258   0x08000258   0x00000004   Code   RO          844    .ARM.Collect$$rtentry$$0000000A  c_w.l(__rtentry2.o)
    0x0800025c   0x0800025c   0x00000000   Code   RO          846    .ARM.Collect$$rtentry$$0000000C  c_w.l(__rtentry2.o)
    0x0800025c   0x0800025c   0x00000008   Code   RO          847    .ARM.Collect$$rtentry$$0000000D  c_w.l(__rtentry2.o)
    0x08000264   0x08000264   0x00000002   Code   RO          876    .ARM.Collect$$rtexit$$00000000  c_w.l(rtexit.o)
    0x08000266   0x08000266   0x00000000   Code   RO          924    .ARM.Collect$$rtexit$$00000002  c_w.l(rtexit2.o)
    0x08000266   0x08000266   0x00000004   Code   RO          925    .ARM.Collect$$rtexit$$00000003  c_w.l(rtexit2.o)
    0x0800026a   0x0800026a   0x00000006   Code   RO          926    .ARM.Collect$$rtexit$$00000004  c_w.l(rtexit2.o)
    0x08000270   0x08000270   0x00000290   Code   RO            3    .text               main.o
    0x08000500   0x08000500   0x0000001a   Code   RO          189    .text               stm32f4xx_it.o
    0x0800051a   0x0800051a   0x00000002   PAD
    0x0800051c   0x0800051c   0x00000210   Code   RO          238    .text               system_stm32f4xx.o
    0x0800072c   0x0800072c   0x00000040   Code   RO          264    .text               led.o
    0x0800076c   0x0800076c   0x00000204   Code   RO          284    .text               pwm.o
    0x08000970   0x08000970   0x0000013c   Code   RO          304    .text               timer.o
    0x08000aac   0x08000aac   0x00000610   Code   RO          329    .text               control.o
    0x080010bc   0x080010bc   0x00000124   Code   RO          358    .text               data_deal.o
    0x080011e0   0x080011e0   0x00000110   Code   RO          415    .text               usart3.o
    0x080012f0   0x080012f0   0x000000f0   Code   RO          443    .text               usart2.o
    0x080013e0   0x080013e0   0x0000026c   Code   RO          471    .text               medianfiler.o
    0x0800164c   0x0800164c   0x000000f4   Code   RO          495    .text               key.o
    0x08001740   0x08001740   0x00000270   Code   RO          515    .text               myiic.o
    0x080019b0   0x080019b0   0x00000704   Code   RO          538    .text               oled.o
    0x080020b4   0x080020b4   0x00000104   Code   RO          568    .text               delay.o
    0x080021b8   0x080021b8   0x00000148   Code   RO          608    .text               usart.o
    0x08002300   0x08002300   0x00000040   Code   RO          637    .text               startup_stm32f40_41xxx.o
    0x08002340   0x08002340   0x000000e0   Code   RO          643    .text               misc.o
    0x08002420   0x08002420   0x00000294   Code   RO          663    .text               stm32f4xx_gpio.o
    0x080026b4   0x080026b4   0x00000454   Code   RO          683    .text               stm32f4xx_usart.o
    0x08002b08   0x08002b08   0x00000ca2   Code   RO          703    .text               stm32f4xx_tim.o
    0x080037aa   0x080037aa   0x00000002   PAD
    0x080037ac   0x080037ac   0x0000065c   Code   RO          743    .text               stm32f4xx_rcc.o
    0x08003e08   0x08003e08   0x00000002   Code   RO          765    .text               c_w.l(use_no_semi_2.o)
    0x08003e0a   0x08003e0a   0x00000002   PAD
    0x08003e0c   0x08003e0c   0x00000018   Code   RO          769    .text               c_w.l(noretval__2printf.o)
    0x08003e24   0x08003e24   0x0000004e   Code   RO          773    .text               c_w.l(_printf_pad.o)
    0x08003e72   0x08003e72   0x00000002   PAD
    0x08003e74   0x08003e74   0x00000078   Code   RO          775    .text               c_w.l(_printf_dec.o)
    0x08003eec   0x08003eec   0x0000010e   Code   RO          785    .text               c_w.l(__printf_wp.o)
    0x08003ffa   0x08003ffa   0x00000006   Code   RO          799    .text               c_w.l(heapauxi.o)
    0x08004000   0x08004000   0x00000002   Code   RO          825    .text               c_w.l(use_no_semi.o)
    0x08004002   0x08004002   0x000000b2   Code   RO          828    .text               c_w.l(_printf_intcommon.o)
    0x080040b4   0x080040b4   0x00000024   Code   RO          830    .text               c_w.l(_printf_char_file.o)
    0x080040d8   0x080040d8   0x00000030   Code   RO          855    .text               c_w.l(_printf_char_common.o)
    0x08004108   0x08004108   0x00000008   Code   RO          857    .text               c_w.l(ferror.o)
    0x08004110   0x08004110   0x0000004a   Code   RO          861    .text               c_w.l(sys_stackheap_outer.o)
    0x0800415a   0x0800415a   0x00000012   Code   RO          865    .text               c_w.l(exit.o)
    0x0800416c   0x0800416c   0x00000008   Code   RO          873    .text               c_w.l(libspace.o)
    0x08004174   0x08004174   0x0000000e   Code   RO          787    i._is_digit         c_w.l(__printf_wp.o)
    0x08004182   0x08004182   0x00000018   Code   RO          803    x$fpl$basic         fz_wm.l(basic.o)
    0x0800419a   0x0800419a   0x00000002   PAD
    0x0800419c   0x0800419c   0x00000150   Code   RO          805    x$fpl$dadd          fz_wm.l(daddsub_clz.o)
    0x080042ec   0x080042ec   0x00000018   Code   RO          833    x$fpl$dcmpinf       fz_wm.l(dcmpi.o)
    0x08004304   0x08004304   0x0000005e   Code   RO          811    x$fpl$dfix          fz_wm.l(dfix.o)
    0x08004362   0x08004362   0x00000026   Code   RO          815    x$fpl$dfltu         fz_wm.l(dflt_clz.o)
    0x08004388   0x08004388   0x00000078   Code   RO          821    x$fpl$dleqf         fz_wm.l(dleqf.o)
    0x08004400   0x08004400   0x00000154   Code   RO          823    x$fpl$dmul          fz_wm.l(dmul.o)
    0x08004554   0x08004554   0x0000009c   Code   RO          835    x$fpl$dnaninf       fz_wm.l(dnaninf.o)
    0x080045f0   0x080045f0   0x0000000c   Code   RO          837    x$fpl$dretinf       fz_wm.l(dretinf.o)
    0x080045fc   0x080045fc   0x00000016   Code   RO          806    x$fpl$drsb          fz_wm.l(daddsub_clz.o)
    0x08004612   0x08004612   0x00000002   PAD
    0x08004614   0x08004614   0x000001d4   Code   RO          807    x$fpl$dsub          fz_wm.l(daddsub_clz.o)
    0x080047e8   0x080047e8   0x0000000a   Code   RO          932    x$fpl$fpinit        fz_wm.l(fpinit.o)
    0x080047f2   0x080047f2   0x00000000   Code   RO          839    x$fpl$usenofp       fz_wm.l(usenofp.o)
    0x080047f2   0x080047f2   0x00000818   Data   RO          539    .constdata          oled.o
    0x0800500a   0x0800500a   0x00000002   PAD
    0x0800500c   0x0800500c   0x00000020   Data   RO          996    Region$$Table       anon$$obj.o


    Execution Region RW_IRAM1 (Exec base: 0x20000000, Load base: 0x0800502c, Size: 0x00000bd0, Max: 0x00020000, ABSOLUTE, COMPRESSED[0x00000188])

    Exec Addr    Load Addr    Size         Type   Attr      Idx    E Section Name        Object

    0x20000000   COMPRESSED   0x00000010   Data   RW            4    .data               main.o
    0x20000010   COMPRESSED   0x00000014   Data   RW          239    .data               system_stm32f4xx.o
    0x20000024   COMPRESSED   0x0000000c   Data   RW          306    .data               timer.o
    0x20000030   COMPRESSED   0x0000002a   Data   RW          330    .data               control.o
    0x2000005a   COMPRESSED   0x00000002   PAD
    0x2000005c   COMPRESSED   0x0000002c   Data   RW          359    .data               data_deal.o
    0x20000088   COMPRESSED   0x00000002   Data   RW          417    .data               usart3.o
    0x2000008a   COMPRESSED   0x00000002   Data   RW          445    .data               usart2.o
    0x2000008c   COMPRESSED   0x00000004   Data   RW          473    .data               medianfiler.o
    0x20000090   COMPRESSED   0x00000380   Data   RW          540    .data               oled.o
    0x20000410   COMPRESSED   0x00000004   Data   RW          569    .data               delay.o
    0x20000414   COMPRESSED   0x00000006   Data   RW          610    .data               usart.o
    0x2000041a   COMPRESSED   0x00000010   Data   RW          744    .data               stm32f4xx_rcc.o
    0x2000042a   COMPRESSED   0x00000002   PAD
    0x2000042c        -       0x00000014   Zero   RW          416    .bss                usart3.o
    0x20000440        -       0x00000014   Zero   RW          444    .bss                usart2.o
    0x20000454        -       0x00000050   Zero   RW          472    .bss                medianfiler.o
    0x200004a4        -       0x000000c8   Zero   RW          609    .bss                usart.o
    0x2000056c        -       0x00000060   Zero   RW          874    .bss                c_w.l(libspace.o)
    0x200005cc   COMPRESSED   0x00000004   PAD
    0x200005d0        -       0x00000200   Zero   RW          635    HEAP                startup_stm32f40_41xxx.o
    0x200007d0        -       0x00000400   Zero   RW          634    STACK               startup_stm32f40_41xxx.o


==============================================================================

Image component sizes


      Code (inc. data)   RO Data    RW Data    ZI Data      Debug   Object Name

      1552        168          0         42          0       2347   control.o
       292         50          0         44          0       1427   data_deal.o
       260          8          0          4          0       1501   delay.o
       244          4          0          0          0        804   key.o
        64         10          0          0          0        535   led.o
       656         72          0         16          0     283189   main.o
       620         22          0          4         80       2372   medianfiler.o
       224         20          0          0          0       1841   misc.o
       624         14          0          0          0       1956   myiic.o
      1796         48       2072        896          0       7229   oled.o
       516         18          0          0          0       1298   pwm.o
        64         26        392          0       1536        836   startup_stm32f40_41xxx.o
       660         44          0          0          0       4181   stm32f4xx_gpio.o
        26          0          0          0          0       1234   stm32f4xx_it.o
      1628         52          0         16          0      13068   stm32f4xx_rcc.o
      3234         60          0          0          0      23036   stm32f4xx_tim.o
      1108         34          0          0          0       7904   stm32f4xx_usart.o
       528         46          0         20          0       1815   system_stm32f4xx.o
       316         26          0         12          0       1541   timer.o
       328         16          0          6        200       3362   usart.o
       240         20          0          2         20       1628   usart2.o
       272         22          0          2         20       1572   usart3.o

    ----------------------------------------------------------------------
     15256        780       2498       1068       1856     364676   Object Totals
         0          0         32          0          0          0   (incl. Generated)
         4          0          2          4          0          0   (incl. Padding)

    ----------------------------------------------------------------------

      Code (inc. data)   RO Data    RW Data    ZI Data      Debug   Library Member Name

        90          0          0          0          0          0   __dczerorl2.o
         8          0          0          0          0         68   __main.o
       284          0          0          0          0        156   __printf_wp.o
         0          0          0          0          0          0   __rtentry.o
        12          0          0          0          0          0   __rtentry2.o
         6          0          0          0          0          0   __rtentry4.o
        52          8          0          0          0          0   __scatter.o
        28          0          0          0          0          0   __scatter_zi.o
        48          6          0          0          0         96   _printf_char_common.o
        36          4          0          0          0         80   _printf_char_file.o
         6          0          0          0          0          0   _printf_d.o
       120         16          0          0          0         92   _printf_dec.o
       178          0          0          0          0         88   _printf_intcommon.o
        78          0          0          0          0        108   _printf_pad.o
         0          0          0          0          0          0   _printf_percent.o
         4          0          0          0          0          0   _printf_percent_end.o
        18          0          0          0          0         80   exit.o
         8          0          0          0          0         68   ferror.o
         6          0          0          0          0        152   heapauxi.o
         2          0          0          0          0          0   libinit.o
         6          0          0          0          0          0   libinit2.o
         2          0          0          0          0          0   libshutdown.o
         2          0          0          0          0          0   libshutdown2.o
         8          4          0          0         96         68   libspace.o
        24          4          0          0          0         84   noretval__2printf.o
         2          0          0          0          0          0   rtexit.o
        10          0          0          0          0          0   rtexit2.o
        74          0          0          0          0         80   sys_stackheap_outer.o
         2          0          0          0          0         68   use_no_semi.o
         2          0          0          0          0         68   use_no_semi_2.o
        24          0          0          0          0        164   basic.o
       826         16          0          0          0        492   daddsub_clz.o
        24          0          0          0          0        116   dcmpi.o
        94          4          0          0          0        140   dfix.o
        38          0          0          0          0        116   dflt_clz.o
       120          4          0          0          0        140   dleqf.o
       340         12          0          0          0        152   dmul.o
       156          4          0          0          0        140   dnaninf.o
        12          0          0          0          0        116   dretinf.o
        10          0          0          0          0        116   fpinit.o
         0          0          0          0          0          0   usenofp.o

    ----------------------------------------------------------------------
      2770         82          0          0        100       3048   Library Totals
        10          0          0          0          4          0   (incl. Padding)

    ----------------------------------------------------------------------

      Code (inc. data)   RO Data    RW Data    ZI Data      Debug   Library Name

      1116         42          0          0         96       1356   c_w.l
      1644         40          0          0          0       1692   fz_wm.l

    ----------------------------------------------------------------------
      2770         82          0          0        100       3048   Library Totals

    ----------------------------------------------------------------------

==============================================================================


      Code (inc. data)   RO Data    RW Data    ZI Data      Debug   

     18026        862       2498       1068       1956     362600   Grand Totals
     18026        862       2498        392       1956     362600   ELF Image Totals (compressed)
     18026        862       2498        392          0          0   ROM Totals

==============================================================================

    Total RO  Size (Code + RO Data)                20524 (  20.04kB)
    Total RW  Size (RW Data + ZI Data)              3024 (   2.95kB)
    Total ROM Size (Code + RO Data + RW Data)      20916 (  20.43kB)

==============================================================================

